Archive member included to satisfy reference by file (symbol)

../lib/librdimon_nano.a(rdimon-syscalls.o)
                              ./src/OpenEIT.o (initialise_monitor_handles)
../lib/libgcc.a(_arm_addsubdf3.o)
                              ./src/OpenEIT.o (__aeabi_dadd)
../lib/libgcc.a(_arm_fixunsdfsi.o)
                              ./src/OpenEIT.o (__aeabi_d2uiz)
../lib/libgcc.a(_arm_addsubsf3.o)
                              ./src/OpenEIT.o (__aeabi_fsub)
../lib/libgcc.a(_arm_muldivsf3.o)
                              ./src/OpenEIT.o (__aeabi_fmul)
../lib/libgcc.a(_arm_fixsfsi.o)
                              ./src/OpenEIT.o (__aeabi_f2iz)
../lib/libgcc.a(_aeabi_ldivmod.o)
                              ./src/OpenEIT.o (__aeabi_ldivmod)
../lib/libgcc.a(_aeabi_uldivmod.o)
                              ./src/OpenEIT.o (__aeabi_uldivmod)
../lib/libgcc.a(_udivmoddi4.o)
                              ../lib/libgcc.a(_aeabi_ldivmod.o) (__udivmoddi4)
../lib/libgcc.a(unwind-arm.o)
                              ./system/src/newlib/_cxx.o (__aeabi_unwind_cpp_pr1)
../lib/libgcc.a(libunwind.o)  ../lib/libgcc.a(unwind-arm.o) (restore_core_regs)
../lib/libgcc.a(pr-support.o)
                              ../lib/libgcc.a(unwind-arm.o) (__gnu_unwind_execute)
../lib/libgcc.a(_dvmd_tls.o)  ../lib/libgcc.a(_aeabi_ldivmod.o) (__aeabi_ldiv0)
../lib/libm.a(lib_a-sf_cos.o)
                              ./src/OpenEIT.o (cosf)
../lib/libm.a(lib_a-sf_sin.o)
                              ./src/OpenEIT.o (sinf)
../lib/libm.a(lib_a-wf_sqrt.o)
                              ./src/OpenEIT.o (sqrtf)
../lib/libm.a(lib_a-ef_rem_pio2.o)
                              ../lib/libm.a(lib_a-sf_cos.o) (__ieee754_rem_pio2f)
../lib/libm.a(lib_a-ef_sqrt.o)
                              ../lib/libm.a(lib_a-wf_sqrt.o) (__ieee754_sqrtf)
../lib/libm.a(lib_a-kf_cos.o)
                              ../lib/libm.a(lib_a-sf_cos.o) (__kernel_cosf)
../lib/libm.a(lib_a-kf_rem_pio2.o)
                              ../lib/libm.a(lib_a-ef_rem_pio2.o) (__kernel_rem_pio2f)
../lib/libm.a(lib_a-kf_sin.o)
                              ../lib/libm.a(lib_a-sf_cos.o) (__kernel_sinf)
../lib/libm.a(lib_a-s_lib_ver.o)
                              ../lib/libm.a(lib_a-wf_sqrt.o) (__fdlib_version)
../lib/libm.a(lib_a-s_matherr.o)
                              ../lib/libm.a(lib_a-wf_sqrt.o) (matherr)
../lib/libm.a(lib_a-sf_fabs.o)
                              ../lib/libm.a(lib_a-ef_rem_pio2.o) (fabsf)
../lib/libm.a(lib_a-sf_floor.o)
                              ../lib/libm.a(lib_a-kf_rem_pio2.o) (floorf)
../lib/libm.a(lib_a-sf_scalbn.o)
                              ../lib/libm.a(lib_a-kf_rem_pio2.o) (scalbnf)
../lib/libm.a(lib_a-sf_copysign.o)
                              ../lib/libm.a(lib_a-sf_scalbn.o) (copysignf)
../lib/libc_nano.a(lib_a-abs.o)
                              ./system/src/ADuCM350/captouch_lib.o (abs)
../lib/libc_nano.a(lib_a-errno.o)
                              ./system/src/newlib/_sbrk.o (__errno)
../lib/libc_nano.a(lib_a-findfp.o)
                              ../lib/librdimon_nano.a(rdimon-syscalls.o) (__sinit)
../lib/libc_nano.a(lib_a-fwalk.o)
                              ../lib/libc_nano.a(lib_a-findfp.o) (_fwalk)
../lib/libc_nano.a(lib_a-impure.o)
                              ../lib/libc_nano.a(lib_a-findfp.o) (_global_impure_ptr)
../lib/libc_nano.a(lib_a-memcpy-stub.o)
                              ./system/src/ADuCM350/uart.o (memcpy)
../lib/libc_nano.a(lib_a-memset.o)
                              ./src/OpenEIT.o (memset)
../lib/libc_nano.a(lib_a-nano-mallocr.o)
                              ../lib/libc_nano.a(lib_a-findfp.o) (_malloc_r)
../lib/libc_nano.a(lib_a-sbrkr.o)
                              ../lib/libc_nano.a(lib_a-nano-mallocr.o) (_sbrk_r)
../lib/libc_nano.a(lib_a-sprintf.o)
                              ./src/OpenEIT.o (sprintf)
../lib/libc_nano.a(lib_a-stdio.o)
                              ../lib/libc_nano.a(lib_a-findfp.o) (__sread)
../lib/libc_nano.a(lib_a-strcat.o)
                              ./src/OpenEIT.o (strcat)
../lib/libc_nano.a(lib_a-strlen.o)
                              ./system/src/diag/Trace.o (strlen)
../lib/libc_nano.a(lib_a-vsnprintf.o)
                              ./system/src/diag/Trace.o (vsnprintf)
../lib/libc_nano.a(lib_a-writer.o)
                              ../lib/libc_nano.a(lib_a-stdio.o) (_write_r)
../lib/libc_nano.a(lib_a-closer.o)
                              ../lib/libc_nano.a(lib_a-stdio.o) (_close_r)
../lib/libc_nano.a(lib_a-fflush.o)
                              ../lib/libc_nano.a(lib_a-findfp.o) (_fflush_r)
../lib/libc_nano.a(lib_a-lseekr.o)
                              ../lib/libc_nano.a(lib_a-stdio.o) (_lseek_r)
../lib/libc_nano.a(lib_a-mlock.o)
                              ../lib/libc_nano.a(lib_a-nano-mallocr.o) (__malloc_lock)
../lib/libc_nano.a(lib_a-nano-freer.o)
                              ../lib/libc_nano.a(lib_a-fflush.o) (_free_r)
[...]
Memory Configuration

Name             Origin             Length             Attributes
FLASH            0x00000000         0x00060000         xr
RAM              0x20000000         0x00004000         xrw
RAM2             0x20040000         0x00004000         xrw
CCMRAM           0x10000000         0x00000000         xrw
FLASHB1          0x00000000         0x00000000         xr
EXTMEMB0         0x00000000         0x00000000         xr
EXTMEMB1         0x00000000         0x00000000         xr
EXTMEMB2         0x00000000         0x00000000         xr
EXTMEMB3         0x00000000         0x00000000         xr
FLASHC           0x000007fc         0x00000004         r
FLASHCODE        0x00000800         0x00032000         xr
*default*        0x00000000         0xffffffff

Linker script and memory map

LOAD ./system/src/newlib/_cxx.o
LOAD ./system/src/newlib/_exit.o
LOAD ./system/src/newlib/_sbrk.o
LOAD ./system/src/newlib/_startup.o
LOAD ./system/src/newlib/_syscalls.o
LOAD ./system/src/newlib/assert.o
LOAD ./system/src/diag/Trace.o
LOAD ./system/src/diag/trace_impl.o
LOAD ./system/src/cortexm/_initialize_hardware.o
LOAD ./system/src/cortexm/_reset_hardware.o
LOAD ./system/src/cortexm/exception_handlers.o
LOAD ./system/src/cmsis/system_ADuCM350.o
LOAD ./system/src/cmsis/vectors_ADuCM350.o
LOAD ./system/src/ADuCM350/lcd/lcd_VIM828.o
LOAD ./system/src/ADuCM350/adi_nvic.o
LOAD ./system/src/ADuCM350/afe.o
LOAD ./system/src/ADuCM350/afe_lib.o
LOAD ./system/src/ADuCM350/beep.o
LOAD ./system/src/ADuCM350/captouch.o
LOAD ./system/src/ADuCM350/captouch_lib.o
LOAD ./system/src/ADuCM350/crc.o
LOAD ./system/src/ADuCM350/dma.o
LOAD ./system/src/ADuCM350/flash.o
LOAD ./system/src/ADuCM350/gpio.o
LOAD ./system/src/ADuCM350/gpt.o
LOAD ./system/src/ADuCM350/metrics.o
LOAD ./system/src/ADuCM350/pdi.o
LOAD ./system/src/ADuCM350/rng.o
LOAD ./system/src/ADuCM350/rtc.o
LOAD ./system/src/ADuCM350/spi.o
LOAD ./system/src/ADuCM350/uart.o
LOAD ./system/src/ADuCM350/wdt.o
LOAD ./system/src/ADuCM350/wut.o
LOAD ./src/Blink.o
LOAD ./src/OpenEIT.o
LOAD ./src/PinMux.o
LOAD ./src/Timer.o
LOAD ./src/_write.o
LOAD ./src/crc32.o
LOAD ./src/test_common.o
LOAD ../lib/librdimon_nano.a
LOAD ../lib/libgcc.a
LOAD ../lib/libnosys.a
LOAD ../lib/libstdc++_nano.a
LOAD ../lib/libm.a
LOAD ../lib/libc_nano.a
START GROUP
LOAD ../lib/libgcc.a
LOAD ../lib/libg_nano.a
LOAD ../lib/libc_nano.a
END GROUP
START GROUP
LOAD ../lib/libgcc.a
LOAD ../lib/libc_nano.a
LOAD ../lib/libnosys.a
END GROUP
START GROUP
LOAD ../lib/libgcc.a
LOAD ../lib/libc_nano.a
LOAD ../lib/libnosys.a
END GROUP
START GROUP
LOAD ../lib/libarm_cortexM3l_math.a
LOAD ../lib/libc_nano.a
LOAD ../lib/libm.a
LOAD ../lib/libgcc.a
END GROUP
                0x20004000                        __stack = (ORIGIN (RAM) + LENGTH (RAM))
                0x20004000                        _estack = __stack
                0x00000400                        __Main_Stack_Size = 0x400
                [!provide]                        PROVIDE (_Main_Stack_Size = __Main_Stack_Size)
                0x20003c00                        __Main_Stack_Limit = (__stack - __Main_Stack_Size)
                [!provide]                        PROVIDE (_Main_Stack_Limit = __Main_Stack_Limit)
                0x00000100                        _Minimum_Stack_Size = 0x100
                0x20000d5c                        PROVIDE (_Heap_Begin = _end_noinit)
                0x20003c00                        PROVIDE (_Heap_Limit = (__stack - __Main_Stack_Size))

.isr_vector     0x00000000      0x36a
 FILL mask 0xff
                0x00000000                        __vectors_start = ABSOLUTE (.)
                0x00000000                        __vectors_start__ = ABSOLUTE (.)
 *(.isr_vector)
 .isr_vector    0x00000000      0x138 ./system/src/cmsis/vectors_ADuCM350.o
                0x00000000                __vector_table
 *(.cfmconfig)
 *(.after_vectors .after_vectors.*)
 .after_vectors
                0x00000138      0x130 ./system/src/newlib/_startup.o
                0x00000138                _start
 .after_vectors
                0x00000268      0x100 ./system/src/cortexm/exception_handlers.o
                0x00000268                Reset_Handler
                0x0000026e                NMI_Handler
                0x00000272                HardFault_Handler
                0x00000286                HardFault_Handler_C
                0x000002b8                MemManage_Handler
                0x000002bc                BusFault_Handler
                0x000002d0                BusFault_Handler_C
                0x00000304                UsageFault_Handler
                0x00000318                UsageFault_Handler_C
                0x0000034c                SVC_Handler
                0x00000350                DebugMon_Handler
                0x00000354                PendSV_Handler
                0x00000358                SysTick_Handler
 .after_vectors
                0x00000368        0x2 ./system/src/cmsis/vectors_ADuCM350.o
                0x00000368                DeviceInterrupt_Handler
                0x00000368                Default_Handler

.checksums      0x000007fc        0x0
 FILL mask 0xff

.inits          0x00000800       0x28
                0x00000800                        __data_regions_array_start = .
                0x00000800        0x4 LONG 0xac4c LOADADDR (.data)
                0x00000804        0x4 LONG 0x20000000 ADDR (.data)
                0x00000808        0x4 LONG 0x2000039c (ADDR (.data) + SIZEOF (.data))
                0x0000080c        0x4 LONG 0x374 LOADADDR (.data_CCMRAM)
                0x00000810        0x4 LONG 0x10000000 ADDR (.data_CCMRAM)
                0x00000814        0x4 LONG 0x10000000 (ADDR (.data_CCMRAM) + SIZEOF (.data_CCMRAM))
                0x00000818                        __data_regions_array_end = .
                0x00000818                        __bss_regions_array_start = .
                0x00000818        0x4 LONG 0x20000400 ADDR (.bss)
                0x0000081c        0x4 LONG 0x20000d5c (ADDR (.bss) + SIZEOF (.bss))
                0x00000820        0x4 LONG 0x10000000 ADDR (.bss_CCMRAM)
                0x00000824        0x4 LONG 0x10000000 (ADDR (.bss_CCMRAM) + SIZEOF (.bss_CCMRAM))
                0x00000828                        __bss_regions_array_end = .
 *(.init)
 *(.fini)
                0x00000828                        . = ALIGN (0x4)
                0x00000828                        PROVIDE (__preinit_array_start = .)
 *(.preinit_array_sysinit .preinit_array_sysinit.*)
 *(.preinit_array_platform .preinit_array_platform.*)
 *(.preinit_array .preinit_array.*)
                0x00000828                        PROVIDE (__preinit_array_end = .)
                0x00000828                        . = ALIGN (0x4)
                0x00000828                        PROVIDE (__init_array_start = .)
 *(SORT_BY_NAME(.init_array.*))
 *(.init_array)
                0x00000828                        PROVIDE (__init_array_end = .)
                0x00000828                        . = ALIGN (0x4)
                0x00000828                        PROVIDE (__fini_array_start = .)
 *(SORT_BY_NAME(.fini_array.*))
 *(.fini_array)
                0x00000828                        PROVIDE (__fini_array_end = .)

.flashtext
 *(.flashtext .flashtext.*)

.text           0x00000828     0xa424
 *(.text .text.*)
 .text._exit    0x00000828        0x2 ./system/src/newlib/_exit.o
                0x00000828                _exit
 *fill*         0x0000082a        0x2 
 .text._sbrk    0x0000082c       0x44 ./system/src/newlib/_sbrk.o
                0x0000082c                _sbrk
 .text.__initialize_args
                0x00000870       0x10 ./system/src/newlib/_syscalls.o
                0x00000870                __initialize_args
 .text.trace_printf
                0x00000880       0x34 ./system/src/diag/Trace.o
                0x00000880                trace_printf
 .text.trace_write
                0x000008b4        0x6 ./system/src/diag/trace_impl.o
                0x000008b4                trace_write
 *fill*         0x000008ba        0x2 
 .text.__initialize_hardware_early
                0x000008bc       0x18 ./system/src/cortexm/_initialize_hardware.o
                0x000008bc                __initialize_hardware_early
 .text.__initialize_hardware
                0x000008d4        0x8 ./system/src/cortexm/_initialize_hardware.o
                0x000008d4                __initialize_hardware
 .text.dumpExceptionStack
                0x000008dc       0xf4 ./system/src/cortexm/exception_handlers.o
                0x000008dc                dumpExceptionStack
 .text.SystemCoreClockUpdate
                0x000009d0       0x7c ./system/src/cmsis/system_ADuCM350.o
                0x000009d0                SystemCoreClockUpdate
 .text.SetSystemClockMux
                0x00000a4c      0x10c ./system/src/cmsis/system_ADuCM350.o
                0x00000a4c                SetSystemClockMux
 .text.SystemInit
                0x00000b58       0x8c ./system/src/cmsis/system_ADuCM350.o
                0x00000b58                SystemInit
 .text.SystemGetClockFrequency
                0x00000be4       0x88 ./system/src/cmsis/system_ADuCM350.o
                0x00000be4                SystemGetClockFrequency
 .text.SystemEnableClock
                0x00000c6c       0x6c ./system/src/cmsis/system_ADuCM350.o
                0x00000c6c                SystemEnableClock
 .text.SetSystemClockDivider
                0x00000cd8       0x50 ./system/src/cmsis/system_ADuCM350.o
                0x00000cd8                SetSystemClockDivider
 .text.SystemEnterLowPowerMode
                0x00000d28       0xc0 ./system/src/cmsis/system_ADuCM350.o
                0x00000d28                SystemEnterLowPowerMode
 .text.SystemExitLowPowerMode
                0x00000de8       0x28 ./system/src/cmsis/system_ADuCM350.o
                0x00000de8                SystemExitLowPowerMode
 .text.NmiSR    0x00000e10        0xc ./system/src/cmsis/vectors_ADuCM350.o
                0x00000e10                NmiSR
 .text.WDog_Tmr_Int_Handler
                0x00000e1c        0xc ./system/src/cmsis/vectors_ADuCM350.o
                0x00000e1c                WDog_Tmr_Int_Handler
 .text.I2C0_Slave_Int_Handler
                0x00000e28        0xc ./system/src/cmsis/vectors_ADuCM350.o
                0x00000e28                I2C0_Slave_Int_Handler
 .text.I2C0_Master_Int_Handler
                0x00000e34        0xc ./system/src/cmsis/vectors_ADuCM350.o
                0x00000e34                I2C0_Master_Int_Handler
 .text.DMA_Err_Int_Handler
                0x00000e40        0xc ./system/src/cmsis/vectors_ADuCM350.o
                0x00000e40                DMA_Err_Int_Handler
 .text.DMA_UART_TX_Int_Handler
                0x00000e4c        0xc ./system/src/cmsis/vectors_ADuCM350.o
                0x00000e4c                DMA_UART_TX_Int_Handler
 .text.DMA_UART_RX_Int_Handler
                0x00000e58        0xc ./system/src/cmsis/vectors_ADuCM350.o
                0x00000e58                DMA_UART_RX_Int_Handler
 .text.DMA_I2C0_STX_Int_Handler
                0x00000e64        0xc ./system/src/cmsis/vectors_ADuCM350.o
                0x00000e64                DMA_I2C0_STX_Int_Handler
 .text.DMA_I2C0_SRX_Int_Handler
                0x00000e70        0xc ./system/src/cmsis/vectors_ADuCM350.o
                0x00000e70                DMA_I2C0_SRX_Int_Handler
 .text.DMA_I2C0_MX_Int_Handler
                0x00000e7c        0xc ./system/src/cmsis/vectors_ADuCM350.o
                0x00000e7c                DMA_I2C0_MX_Int_Handler
 .text.DMA_PDI_Int_Handler
                0x00000e88        0xc ./system/src/cmsis/vectors_ADuCM350.o
                0x00000e88                DMA_PDI_Int_Handler
 .text.DMA_I2S_Int_Handler
                0x00000e94        0xc ./system/src/cmsis/vectors_ADuCM350.o
                0x00000e94                DMA_I2S_Int_Handler
 .text.USB_Wakeup_Int_Handler
                0x00000ea0        0xc ./system/src/cmsis/vectors_ADuCM350.o
                0x00000ea0                USB_Wakeup_Int_Handler
 .text.USB_Control_Int_Handler
                0x00000eac        0xc ./system/src/cmsis/vectors_ADuCM350.o
                0x00000eac                USB_Control_Int_Handler
 .text.USB_DMA_Int_Handler
                0x00000eb8        0xc ./system/src/cmsis/vectors_ADuCM350.o
                0x00000eb8                USB_DMA_Int_Handler
 .text.I2S_Int_Handler
                0x00000ec4        0xc ./system/src/cmsis/vectors_ADuCM350.o
                0x00000ec4                I2S_Int_Handler
 .text.RTC_Int_Handler
                0x00000ed0        0xc ./system/src/cmsis/vectors_ADuCM350.o
                0x00000ed0                RTC_Int_Handler
 .text.LCD_Int_Handler
                0x00000edc        0xc ./system/src/cmsis/vectors_ADuCM350.o
                0x00000edc                LCD_Int_Handler
 .text.XTAL_Int_Handler
                0x00000ee8        0xc ./system/src/cmsis/vectors_ADuCM350.o
                0x00000ee8                XTAL_Int_Handler
 .text.PLL_Int_Handler
                0x00000ef4        0xc ./system/src/cmsis/vectors_ADuCM350.o
                0x00000ef4                PLL_Int_Handler
 .text.PDI_Int_Handler
                0x00000f00        0xc ./system/src/cmsis/vectors_ADuCM350.o
                0x00000f00                PDI_Int_Handler
 .text.Parity_Int_Handler
                0x00000f0c        0xc ./system/src/cmsis/vectors_ADuCM350.o
                0x00000f0c                Parity_Int_Handler
 .text.RESERVED_VECTOR
                0x00000f18        0xc ./system/src/cmsis/vectors_ADuCM350.o
                0x00000f18                RESERVED_VECTOR
 .text.ResetISR
                0x00000f24       0x40 ./system/src/cmsis/vectors_ADuCM350.o
                0x00000f24                ResetISR
 .text.fifoEnable
                0x00000f64       0x20 ./system/src/ADuCM350/afe.o
 .text.dmaEnable
                0x00000f84       0x20 ./system/src/ADuCM350/afe.o
 .text.crc8     0x00000fa4       0x2e ./system/src/ADuCM350/afe.o
 .text.sequenceCRC
                0x00000fd2       0x2c ./system/src/ADuCM350/afe.o
 .text.dmaInit  0x00000ffe       0x70 ./system/src/ADuCM350/afe.o
 *fill*         0x0000106e        0x2 
 .text.adi_AFE_WriteCalibrationRegister
                0x00001070       0x20 ./system/src/ADuCM350/afe.o
                0x00001070                adi_AFE_WriteCalibrationRegister
 .text.adi_AFE_ReadCalibrationRegister
                0x00001090        0xc ./system/src/ADuCM350/afe.o
                0x00001090                adi_AFE_ReadCalibrationRegister
 .text.adi_AFE_ProgramTxDMA
                0x0000109c       0x34 ./system/src/ADuCM350/afe.o
                0x0000109c                adi_AFE_ProgramTxDMA
 .text.adi_AFE_ProgramRxDMA
                0x000010d0       0x38 ./system/src/ADuCM350/afe.o
                0x000010d0                adi_AFE_ProgramRxDMA
 .text.adi_AFE_GetSeqFinished
                0x00001108        0x8 ./system/src/ADuCM350/afe.o
                0x00001108                adi_AFE_GetSeqFinished
 .text.adi_AFE_GetRxDmaComplete
                0x00001110       0x16 ./system/src/ADuCM350/afe.o
                0x00001110                adi_AFE_GetRxDmaComplete
 .text.adi_AFE_SeqStart
                0x00001126       0x12 ./system/src/ADuCM350/afe.o
                0x00001126                adi_AFE_SeqStart
 .text.adi_AFE_SeqStop
                0x00001138       0x38 ./system/src/ADuCM350/afe.o
                0x00001138                adi_AFE_SeqStop
 .text.adi_AFE_SeqAbort
                0x00001170       0x2e ./system/src/ADuCM350/afe.o
                0x00001170                adi_AFE_SeqAbort
 .text.adi_AFE_SeqCheck
                0x0000119e       0x3a ./system/src/ADuCM350/afe.o
                0x0000119e                adi_AFE_SeqCheck
 .text.adi_AFE_EnableSoftwareCRC
                0x000011d8        0x6 ./system/src/ADuCM350/afe.o
                0x000011d8                adi_AFE_EnableSoftwareCRC
 .text.adi_AFE_SetRcal
                0x000011de        0x6 ./system/src/ADuCM350/afe.o
                0x000011de                adi_AFE_SetRcal
 .text.adi_AFE_GetRcal
                0x000011e4        0x8 ./system/src/ADuCM350/afe.o
                0x000011e4                adi_AFE_GetRcal
 .text.adi_AFE_SetRtia
                0x000011ec        0x6 ./system/src/ADuCM350/afe.o
                0x000011ec                adi_AFE_SetRtia
 .text.adi_AFE_GetRtia
                0x000011f2        0x8 ./system/src/ADuCM350/afe.o
                0x000011f2                adi_AFE_GetRtia
 *fill*         0x000011fa        0x2 
 .text.adi_AFE_Init
                0x000011fc       0x98 ./system/src/ADuCM350/afe.o
                0x000011fc                adi_AFE_Init
 .text.adi_AFE_EnableInterruptSource
                0x00001294       0x90 ./system/src/ADuCM350/afe.o
                0x00001294                adi_AFE_EnableInterruptSource
 .text.adi_AFE_ClearInterruptSource
                0x00001324       0x38 ./system/src/ADuCM350/afe.o
                0x00001324                adi_AFE_ClearInterruptSource
 .text.adi_AFE_SeqInit
                0x0000135c       0xa0 ./system/src/ADuCM350/afe.o
                0x0000135c                adi_AFE_SeqInit
 .text.adi_AFE_RunSequence
                0x000013fc      0x102 ./system/src/ADuCM350/afe.o
                0x000013fc                adi_AFE_RunSequence
 *fill*         0x000014fe        0x2 
 .text.AFE_Capture_Int_Handler
                0x00001500       0xb0 ./system/src/ADuCM350/afe.o
                0x00001500                AFE_Capture_Int_Handler
 .text.AFE_Generate_Int_Handler
                0x000015b0       0x70 ./system/src/ADuCM350/afe.o
                0x000015b0                AFE_Generate_Int_Handler
 .text.AFE_CmdFIFO_Int_Handler
                0x00001620       0xe8 ./system/src/ADuCM350/afe.o
                0x00001620                AFE_CmdFIFO_Int_Handler
 .text.AFE_DataFIFO_Int_Handler
                0x00001708       0xa0 ./system/src/ADuCM350/afe.o
                0x00001708                AFE_DataFIFO_Int_Handler
 .text.DMA_AFE_TX_Int_Handler
                0x000017a8       0x2c ./system/src/ADuCM350/afe.o
                0x000017a8                DMA_AFE_TX_Int_Handler
 .text.DMA_AFE_RX_Int_Handler
                0x000017d4       0xe8 ./system/src/ADuCM350/afe.o
                0x000017d4                DMA_AFE_RX_Int_Handler
 .text.adi_AFE_PowerUp
                0x000018bc       0x14 ./system/src/ADuCM350/afe_lib.o
                0x000018bc                adi_AFE_PowerUp
 .text.adi_AFE_AuxChanCal
                0x000018d0       0x68 ./system/src/ADuCM350/afe_lib.o
                0x000018d0                adi_AFE_AuxChanCal
 .text.adi_AFE_TempSensChanCal
                0x00001938       0x70 ./system/src/ADuCM350/afe_lib.o
                0x00001938                adi_AFE_TempSensChanCal
 .text.adi_AFE_ExciteChanPowerUp
                0x000019a8       0x14 ./system/src/ADuCM350/afe_lib.o
                0x000019a8                adi_AFE_ExciteChanPowerUp
 .text.adi_AFE_ExciteChanCalAtten
                0x000019bc       0x8c ./system/src/ADuCM350/afe_lib.o
                0x000019bc                adi_AFE_ExciteChanCalAtten
 .text.adi_AFE_TiaChanDacCode
                0x00001a48       0x3e ./system/src/ADuCM350/afe_lib.o
                0x00001a48                adi_AFE_TiaChanDacCode
 *fill*         0x00001a86        0x2 
 .text.adi_AFE_TiaChanCal
                0x00001a88      0x190 ./system/src/ADuCM350/afe_lib.o
                0x00001a88                adi_AFE_TiaChanCal
 .text.adi_Beep_SetInterruptStatus
                0x00001c18       0x16 ./system/src/ADuCM350/beep.o
                0x00001c18                adi_Beep_SetInterruptStatus
 *fill*         0x00001c2e        0x2 
 .text.Beep_Int_Handler
                0x00001c30       0x84 ./system/src/ADuCM350/beep.o
                0x00001c30                Beep_Int_Handler
 .text.CapTouch_Int_Handler
                0x00001cb4       0x3c ./system/src/ADuCM350/captouch.o
                0x00001cb4                CapTouch_Int_Handler
 .text.adi_DMA_Init
                0x00001cf0       0xb8 ./system/src/ADuCM350/dma.o
                0x00001cf0                adi_DMA_Init
 .text.adi_DMA_SubmitTransfer
                0x00001da8      0x104 ./system/src/ADuCM350/dma.o
                0x00001da8                adi_DMA_SubmitTransfer
 .text.adi_DMA_ReSubmit
                0x00001eac       0x40 ./system/src/ADuCM350/dma.o
                0x00001eac                adi_DMA_ReSubmit
 .text.flashInterruptCommon
                0x00001eec       0x12 ./system/src/ADuCM350/flash.o
 *fill*         0x00001efe        0x2 
 .text.Flash0_Int_Handler
                0x00001f00       0x10 ./system/src/ADuCM350/flash.o
                0x00001f00                Flash0_Int_Handler
 .text.Flash1_Int_Handler
                0x00001f10       0x10 ./system/src/ADuCM350/flash.o
                0x00001f10                Flash1_Int_Handler
 .text.GPFlash_Int_Handler
                0x00001f20       0x10 ./system/src/ADuCM350/flash.o
                0x00001f20                GPFlash_Int_Handler
 .text.DMA_CRC_Int_Handler
                0x00001f30       0x10 ./system/src/ADuCM350/flash.o
                0x00001f30                DMA_CRC_Int_Handler
 .text.adi_GPIO_Init
                0x00001f40       0x28 ./system/src/ADuCM350/gpio.o
                0x00001f40                adi_GPIO_Init
 .text.adi_GPIO_ClearIRQ
                0x00001f68       0x14 ./system/src/ADuCM350/gpio.o
                0x00001f68                adi_GPIO_ClearIRQ
 .text.adi_GPIO_SetOutputEnable
                0x00001f7c       0x20 ./system/src/ADuCM350/gpio.o
                0x00001f7c                adi_GPIO_SetOutputEnable
 .text.adi_GPIO_SetInputEnable
                0x00001f9c       0x20 ./system/src/ADuCM350/gpio.o
                0x00001f9c                adi_GPIO_SetInputEnable
 .text.adi_GPIO_SetPullUpEnable
                0x00001fbc       0x20 ./system/src/ADuCM350/gpio.o
                0x00001fbc                adi_GPIO_SetPullUpEnable
 .text.adi_GPIO_SetHigh
                0x00001fdc        0x6 ./system/src/ADuCM350/gpio.o
                0x00001fdc                adi_GPIO_SetHigh
 .text.adi_GPIO_SetLow
                0x00001fe2        0x6 ./system/src/ADuCM350/gpio.o
                0x00001fe2                adi_GPIO_SetLow
 .text.CommonInterruptHandler
                0x00001fe8       0x7c ./system/src/ADuCM350/gpio.o
                0x00001fe8                CommonInterruptHandler
 .text.Ext_Int0_Handler
                0x00002064        0xc ./system/src/ADuCM350/gpio.o
                0x00002064                Ext_Int0_Handler
 .text.Ext_Int1_Handler
                0x00002070        0xc ./system/src/ADuCM350/gpio.o
                0x00002070                Ext_Int1_Handler
 .text.Ext_Int2_Handler
                0x0000207c        0xc ./system/src/ADuCM350/gpio.o
                0x0000207c                Ext_Int2_Handler
 .text.Ext_Int3_Handler
                0x00002088        0xc ./system/src/ADuCM350/gpio.o
                0x00002088                Ext_Int3_Handler
 .text.Ext_Int4_Handler
                0x00002094        0xc ./system/src/ADuCM350/gpio.o
                0x00002094                Ext_Int4_Handler
 .text.Ext_Int5_Handler
                0x000020a0        0xc ./system/src/ADuCM350/gpio.o
                0x000020a0                Ext_Int5_Handler
 .text.Ext_Int6_Handler
                0x000020ac        0xc ./system/src/ADuCM350/gpio.o
                0x000020ac                Ext_Int6_Handler
 .text.Ext_Int7_Handler
                0x000020b8        0xc ./system/src/ADuCM350/gpio.o
                0x000020b8                Ext_Int7_Handler
 .text.Ext_Int8_Handler
                0x000020c4        0xc ./system/src/ADuCM350/gpio.o
                0x000020c4                Ext_Int8_Handler
 .text.GPIO_A_Int_Handler
                0x000020d0        0xc ./system/src/ADuCM350/gpio.o
                0x000020d0                GPIO_A_Int_Handler
 .text.GPIO_B_Int_Handler
                0x000020dc        0xc ./system/src/ADuCM350/gpio.o
                0x000020dc                GPIO_B_Int_Handler
 .text.CommonIntHandler
                0x000020e8       0x32 ./system/src/ADuCM350/gpt.o
 *fill*         0x0000211a        0x2 
 .text.GP_Tmr0_Int_Handler
                0x0000211c       0x10 ./system/src/ADuCM350/gpt.o
                0x0000211c                GP_Tmr0_Int_Handler
 .text.GP_Tmr1_Int_Handler
                0x0000212c       0x10 ./system/src/ADuCM350/gpt.o
                0x0000212c                GP_Tmr1_Int_Handler
 .text.GP_Tmr2_Int_Handler
                0x0000213c       0x10 ./system/src/ADuCM350/gpt.o
                0x0000213c                GP_Tmr2_Int_Handler
 .text.Random_Int_Handler
                0x0000214c       0x48 ./system/src/ADuCM350/rng.o
                0x0000214c                Random_Int_Handler
 .text.AssertChipSelect
                0x00002194       0x38 ./system/src/ADuCM350/spi.o
 .text.common_SPI_Int_Handler
                0x000021cc       0xa6 ./system/src/ADuCM350/spi.o
 *fill*         0x00002272        0x2 
 .text.SPI0_Int_Handler
                0x00002274       0x10 ./system/src/ADuCM350/spi.o
                0x00002274                SPI0_Int_Handler
 .text.SPI1_Int_Handler
                0x00002284       0x10 ./system/src/ADuCM350/spi.o
                0x00002284                SPI1_Int_Handler
 .text.SPIH_Int_Handler
                0x00002294       0x10 ./system/src/ADuCM350/spi.o
                0x00002294                SPIH_Int_Handler
 .text.DMA_SPI0_TX_Int_Handler
                0x000022a4       0x10 ./system/src/ADuCM350/spi.o
                0x000022a4                DMA_SPI0_TX_Int_Handler
 .text.DMA_SPI0_RX_Int_Handler
                0x000022b4       0x10 ./system/src/ADuCM350/spi.o
                0x000022b4                DMA_SPI0_RX_Int_Handler
 .text.DMA_SPI1_TX_Int_Handler
                0x000022c4       0x14 ./system/src/ADuCM350/spi.o
                0x000022c4                DMA_SPI1_TX_Int_Handler
 .text.DMA_SPI1_RX_Int_Handler
                0x000022d8       0x14 ./system/src/ADuCM350/spi.o
                0x000022d8                DMA_SPI1_RX_Int_Handler
 .text.DMA_SPIH_TX_Int_Handler
                0x000022ec       0x14 ./system/src/ADuCM350/spi.o
                0x000022ec                DMA_SPIH_TX_Int_Handler
 .text.DMA_SPIH_RX_Int_Handler
                0x00002300       0x14 ./system/src/ADuCM350/spi.o
                0x00002300                DMA_SPIH_RX_Int_Handler
 .text.UART_RX_Status_Handler
                0x00002314        0x8 ./system/src/ADuCM350/uart.o
 .text.do_read  0x0000231c       0xd8 ./system/src/ADuCM350/uart.o
 .text.do_write
                0x000023f4       0xe0 ./system/src/ADuCM350/uart.o
 .text.ResetCircularBuffers
                0x000024d4       0x40 ./system/src/ADuCM350/uart.o
 .text.ProcessRequest
                0x00002514       0x90 ./system/src/ADuCM350/uart.o
 .text.UART_Int_Handler
                0x000025a4       0xc4 ./system/src/ADuCM350/uart.o
                0x000025a4                UART_Int_Handler
 .text.adi_UART_BufTx
                0x00002668       0x20 ./system/src/ADuCM350/uart.o
                0x00002668                adi_UART_BufTx
 .text.adi_UART_BufRx
                0x00002688       0x20 ./system/src/ADuCM350/uart.o
                0x00002688                adi_UART_BufRx
 .text.adi_UART_BufFlush
                0x000026a8       0x28 ./system/src/ADuCM350/uart.o
                0x000026a8                adi_UART_BufFlush
 .text.adi_UART_SetBaudRate
                0x000026d0       0x88 ./system/src/ADuCM350/uart.o
                0x000026d0                adi_UART_SetBaudRate
 .text.adi_UART_Init
                0x00002758       0x90 ./system/src/ADuCM350/uart.o
                0x00002758                adi_UART_Init
 .text.adi_UART_SetParityMode
                0x000027e8       0x50 ./system/src/ADuCM350/uart.o
                0x000027e8                adi_UART_SetParityMode
 .text.adi_UART_SetWordLength
                0x00002838       0x20 ./system/src/ADuCM350/uart.o
                0x00002838                adi_UART_SetWordLength
 .text.adi_UART_Enable
                0x00002858       0x2c ./system/src/ADuCM350/uart.o
                0x00002858                adi_UART_Enable
 .text.adi_UART_SetInterruptMode
                0x00002884       0x30 ./system/src/ADuCM350/uart.o
                0x00002884                adi_UART_SetInterruptMode
 .text.adi_UART_SetBlockingMode
                0x000028b4        0x6 ./system/src/ADuCM350/uart.o
                0x000028b4                adi_UART_SetBlockingMode
 .text.adi_UART_SetGenericSettings
                0x000028ba       0x48 ./system/src/ADuCM350/uart.o
                0x000028ba                adi_UART_SetGenericSettings
 *fill*         0x00002902        0x2 
 .text.adi_WDT_UnInit
                0x00002904       0x24 ./system/src/ADuCM350/wdt.o
                0x00002904                adi_WDT_UnInit
 .text.adi_WDT_SetEnable
                0x00002928       0x58 ./system/src/ADuCM350/wdt.o
                0x00002928                adi_WDT_SetEnable
 .text.adi_WDT_ResetTimer
                0x00002980       0x38 ./system/src/ADuCM350/wdt.o
                0x00002980                adi_WDT_ResetTimer
 .text.adi_WDT_Init
                0x000029b8       0xa4 ./system/src/ADuCM350/wdt.o
                0x000029b8                adi_WDT_Init
 .text.adi_WUT_ClearInterruptFlag
                0x00002a5c        0xc ./system/src/ADuCM350/wut.o
                0x00002a5c                adi_WUT_ClearInterruptFlag
 .text.WakeUp_Int_Handler
                0x00002a68       0x34 ./system/src/ADuCM350/wut.o
                0x00002a68                WakeUp_Int_Handler
 .text.multiplex_adg732_fast
                0x00002a9c       0xb0 ./src/OpenEIT.o
 .text.init_multiplexer_lut
                0x00002b4c      0x178 ./src/OpenEIT.o
                0x00002b4c                init_multiplexer_lut
 .text.convert_dft_results
                0x00002cc4       0x56 ./src/OpenEIT.o
                0x00002cc4                convert_dft_results
 *fill*         0x00002d1a        0x2 
 .text.compute_goertzel_magnitude
                0x00002d1c       0xc0 ./src/OpenEIT.o
                0x00002d1c                compute_goertzel_magnitude
 .text.calculate_magnitude
                0x00002ddc       0x4a ./src/OpenEIT.o
                0x00002ddc                calculate_magnitude
 .text.calculate_bipolar_magnitude
                0x00002e26       0x70 ./src/OpenEIT.o
                0x00002e26                calculate_bipolar_magnitude
 *fill*         0x00002e96        0x2 
 .text.sprintf_fixed32
                0x00002e98       0x80 ./src/OpenEIT.o
                0x00002e98                sprintf_fixed32
 .text.test_print
                0x00002f18       0x24 ./src/OpenEIT.o
                0x00002f18                test_print
 .text.uart_Init
                0x00002f3c       0x94 ./src/OpenEIT.o
                0x00002f3c                uart_Init
 .text.bioimpedance_spectroscopy
                0x00002fd0      0x12c ./src/OpenEIT.o
                0x00002fd0                bioimpedance_spectroscopy
 .text.time_series_bipolar
                0x000030fc       0xa4 ./src/OpenEIT.o
                0x000030fc                time_series_bipolar
 .text.time_series
                0x000031a0       0x84 ./src/OpenEIT.o
                0x000031a0                time_series
 .text.multiplex_adg732
                0x00003224      0x164 ./src/OpenEIT.o
                0x00003224                multiplex_adg732
 .text.bipolar_adg732
                0x00003388      0x164 ./src/OpenEIT.o
                0x00003388                bipolar_adg732
 .text.init_mode_bis
                0x000034ec      0x138 ./src/OpenEIT.o
                0x000034ec                init_mode_bis
 .text.init_GPIO_ports
                0x00003624      0x34c ./src/OpenEIT.o
                0x00003624                init_GPIO_ports
 .text.init_mode_bipolar
                0x00003970       0xdc ./src/OpenEIT.o
                0x00003970                init_mode_bipolar
 .text.init_mode_tetramux
                0x00003a4c      0x194 ./src/OpenEIT.o
                0x00003a4c                init_mode_tetramux
 .text.main     0x00003be0      0x1e8 ./src/OpenEIT.o
                0x00003be0                main
 .text.adi_initpinmux
                0x00003dc8       0x10 ./src/PinMux.o
                0x00003dc8                adi_initpinmux
 .text.quit     0x00003dd8        0x8 ./src/test_common.o
 .text.test_Fail
                0x00003de0       0x30 ./src/test_common.o
                0x00003de0                test_Fail
 .text.test_Init
                0x00003e10       0x44 ./src/test_common.o
                0x00003e10                test_Init
 .text.findslot
                0x00003e54       0x34 ../lib/librdimon_nano.a(rdimon-syscalls.o)
 .text.checkerror
                0x00003e88       0x20 ../lib/librdimon_nano.a(rdimon-syscalls.o)
 .text.error    0x00003ea8       0x1c ../lib/librdimon_nano.a(rdimon-syscalls.o)
 .text._swiread
                0x00003ec4       0x20 ../lib/librdimon_nano.a(rdimon-syscalls.o)
                0x00003ec4                _swiread
 .text._read    0x00003ee4       0x34 ../lib/librdimon_nano.a(rdimon-syscalls.o)
                0x00003ee4                _read
 .text._swilseek
                0x00003f18       0x7a ../lib/librdimon_nano.a(rdimon-syscalls.o)
                0x00003f18                _swilseek
 .text._lseek   0x00003f92        0x4 ../lib/librdimon_nano.a(rdimon-syscalls.o)
                0x00003f92                _lseek
 .text._swiwrite
                0x00003f96       0x20 ../lib/librdimon_nano.a(rdimon-syscalls.o)
                0x00003f96                _swiwrite
 .text._write   0x00003fb6       0x40 ../lib/librdimon_nano.a(rdimon-syscalls.o)
                0x00003fb6                _write
 .text._swiclose
                0x00003ff6       0x1c ../lib/librdimon_nano.a(rdimon-syscalls.o)
                0x00003ff6                _swiclose
 *fill*         0x00004012        0x2 
 .text._close   0x00004014       0x4c ../lib/librdimon_nano.a(rdimon-syscalls.o)
                0x00004014                _close
 .text._swistat
                0x00004060       0x42 ../lib/librdimon_nano.a(rdimon-syscalls.o)
                0x00004060                _swistat
 .text._stat    0x000040a2       0x3a ../lib/librdimon_nano.a(rdimon-syscalls.o)
                0x000040a2                _stat
 .text._swiopen
                0x000040dc       0xb4 ../lib/librdimon_nano.a(rdimon-syscalls.o)
                0x000040dc                _swiopen
 .text._get_semihosting_exts
                0x00004190       0xb4 ../lib/librdimon_nano.a(rdimon-syscalls.o)
                0x00004190                _get_semihosting_exts
 .text.initialise_semihosting_exts
                0x00004244       0x34 ../lib/librdimon_nano.a(rdimon-syscalls.o)
 .text._has_ext_stdout_stderr
                0x00004278       0x18 ../lib/librdimon_nano.a(rdimon-syscalls.o)
                0x00004278                _has_ext_stdout_stderr
 .text.initialise_monitor_handles
                0x00004290       0xbc ../lib/librdimon_nano.a(rdimon-syscalls.o)
                0x00004290                initialise_monitor_handles
 .text          0x0000434c      0x378 ../lib/libgcc.a(_arm_addsubdf3.o)
                0x0000434c                __aeabi_drsub
                0x00004354                __subdf3
                0x00004354                __aeabi_dsub
                0x00004358                __aeabi_dadd
                0x00004358                __adddf3
                0x000045d0                __aeabi_ui2d
                0x000045d0                __floatunsidf
                0x000045f0                __floatsidf
                0x000045f0                __aeabi_i2d
                0x00004614                __extendsfdf2
                0x00004614                __aeabi_f2d
                0x00004658                __aeabi_ul2d
                0x00004658                __floatundidf
                0x00004668                __aeabi_l2d
                0x00004668                __floatdidf
 .text          0x000046c4       0x40 ../lib/libgcc.a(_arm_fixunsdfsi.o)
                0x000046c4                __fixunsdfsi
                0x000046c4                __aeabi_d2uiz
 .text          0x00004704      0x21c ../lib/libgcc.a(_arm_addsubsf3.o)
                0x00004704                __aeabi_frsub
                0x0000470c                __aeabi_fsub
                0x0000470c                __subsf3
                0x00004710                __aeabi_fadd
                0x00004710                __addsf3
                0x00004870                __aeabi_ui2f
                0x00004870                __floatunsisf
                0x00004878                __floatsisf
                0x00004878                __aeabi_i2f
                0x00004894                __aeabi_ul2f
                0x00004894                __floatundisf
                0x000048a4                __aeabi_l2f
                0x000048a4                __floatdisf
 .text          0x00004920      0x2a0 ../lib/libgcc.a(_arm_muldivsf3.o)
                0x00004920                __mulsf3
                0x00004920                __aeabi_fmul
                0x00004a88                __divsf3
                0x00004a88                __aeabi_fdiv
 .text          0x00004bc0       0x4c ../lib/libgcc.a(_arm_fixsfsi.o)
                0x00004bc0                __fixsfsi
                0x00004bc0                __aeabi_f2iz
 .text          0x00004c0c       0xa0 ../lib/libgcc.a(_aeabi_ldivmod.o)
                0x00004c0c                __aeabi_ldivmod
 .text          0x00004cac       0x30 ../lib/libgcc.a(_aeabi_uldivmod.o)
                0x00004cac                __aeabi_uldivmod
 .text          0x00004cdc      0x2d0 ../lib/libgcc.a(_udivmoddi4.o)
                0x00004cdc                __udivmoddi4
 .text          0x00004fac        0x4 ../lib/libgcc.a(_dvmd_tls.o)
                0x00004fac                __aeabi_ldiv0
                0x00004fac                __aeabi_idiv0
 .text.cosf     0x00004fb0       0x78 ../lib/libm.a(lib_a-sf_cos.o)
                0x00004fb0                cosf
 .text.sinf     0x00005028       0x7c ../lib/libm.a(lib_a-sf_sin.o)
                0x00005028                sinf
 .text.sqrtf    0x000050a4       0xa0 ../lib/libm.a(lib_a-wf_sqrt.o)
                0x000050a4                sqrtf
 .text.__ieee754_rem_pio2f
                0x00005144      0x2e4 ../lib/libm.a(lib_a-ef_rem_pio2.o)
                0x00005144                __ieee754_rem_pio2f
 .text.__ieee754_sqrtf
                0x00005428       0xa8 ../lib/libm.a(lib_a-ef_sqrt.o)
                0x00005428                __ieee754_sqrtf
 .text.__kernel_cosf
                0x000054d0      0x188 ../lib/libm.a(lib_a-kf_cos.o)
                0x000054d0                __kernel_cosf
 .text.__kernel_rem_pio2f
                0x00005658      0x6c4 ../lib/libm.a(lib_a-kf_rem_pio2.o)
                0x00005658                __kernel_rem_pio2f
 .text.__kernel_sinf
                0x00005d1c       0xec ../lib/libm.a(lib_a-kf_sin.o)
                0x00005d1c                __kernel_sinf
 .text.matherr  0x00005e08        0x4 ../lib/libm.a(lib_a-s_matherr.o)
                0x00005e08                matherr
 .text.fabsf    0x00005e0c        0x8 ../lib/libm.a(lib_a-sf_fabs.o)
                0x00005e0c                fabsf
 .text.floorf   0x00005e14       0x88 ../lib/libm.a(lib_a-sf_floor.o)
                0x00005e14                floorf
 .text.scalbnf  0x00005e9c       0xb0 ../lib/libm.a(lib_a-sf_scalbn.o)
                0x00005e9c                scalbnf
 .text.copysignf
                0x00005f4c        0xc ../lib/libm.a(lib_a-sf_copysign.o)
                0x00005f4c                copysignf
 .text.__errno  0x00005f58        0xc ../lib/libc_nano.a(lib_a-errno.o)
                0x00005f58                __errno
 .text.std      0x00005f64       0x48 ../lib/libc_nano.a(lib_a-findfp.o)
 .text._cleanup_r
                0x00005fac        0xc ../lib/libc_nano.a(lib_a-findfp.o)
                0x00005fac                _cleanup_r
 .text.__sfmoreglue
                0x00005fb8       0x2c ../lib/libc_nano.a(lib_a-findfp.o)
                0x00005fb8                __sfmoreglue
 .text.__sinit  0x00005fe4       0x60 ../lib/libc_nano.a(lib_a-findfp.o)
                0x00005fe4                __sinit
 .text.__sfp    0x00006044       0x78 ../lib/libc_nano.a(lib_a-findfp.o)
                0x00006044                __sfp
 .text._fwalk_reent
                0x000060bc       0x3c ../lib/libc_nano.a(lib_a-fwalk.o)
                0x000060bc                _fwalk_reent
 .text.memcpy   0x000060f8       0x16 ../lib/libc_nano.a(lib_a-memcpy-stub.o)
                0x000060f8                memcpy
 .text.memset   0x0000610e       0x10 ../lib/libc_nano.a(lib_a-memset.o)
                0x0000610e                memset
 *fill*         0x0000611e        0x2 
 .text._malloc_r
                0x00006120       0xb4 ../lib/libc_nano.a(lib_a-nano-mallocr.o)
                0x00006120                _malloc_r
 .text._sbrk_r  0x000061d4       0x20 ../lib/libc_nano.a(lib_a-sbrkr.o)
                0x000061d4                _sbrk_r
 .text.sprintf  0x000061f4       0x40 ../lib/libc_nano.a(lib_a-sprintf.o)
                0x000061f4                sprintf
                0x000061f4                siprintf
 .text.__sread  0x00006234       0x22 ../lib/libc_nano.a(lib_a-stdio.o)
                0x00006234                __sread
 .text.__swrite
                0x00006256       0x38 ../lib/libc_nano.a(lib_a-stdio.o)
                0x00006256                __swrite
 .text.__sseek  0x0000628e       0x24 ../lib/libc_nano.a(lib_a-stdio.o)
                0x0000628e                __sseek
 .text.__sclose
                0x000062b2        0x8 ../lib/libc_nano.a(lib_a-stdio.o)
                0x000062b2                __sclose
 .text.strcat   0x000062ba       0x1e ../lib/libc_nano.a(lib_a-strcat.o)
                0x000062ba                strcat
 .text          0x000062d8       0x10 ../lib/libc_nano.a(lib_a-strlen.o)
                0x000062d8                strlen
 .text._vsnprintf_r
                0x000062e8       0x58 ../lib/libc_nano.a(lib_a-vsnprintf.o)
                0x000062e8                _vsnprintf_r
                0x000062e8                _vsniprintf_r
 .text.vsnprintf
                0x00006340       0x1c ../lib/libc_nano.a(lib_a-vsnprintf.o)
                0x00006340                vsnprintf
                0x00006340                vsniprintf
 .text._write_r
                0x0000635c       0x24 ../lib/libc_nano.a(lib_a-writer.o)
                0x0000635c                _write_r
 .text._close_r
                0x00006380       0x20 ../lib/libc_nano.a(lib_a-closer.o)
                0x00006380                _close_r
 .text.__sflush_r
                0x000063a0      0x10c ../lib/libc_nano.a(lib_a-fflush.o)
                0x000063a0                __sflush_r
 .text._fflush_r
                0x000064ac       0x54 ../lib/libc_nano.a(lib_a-fflush.o)
                0x000064ac                _fflush_r
 .text._lseek_r
                0x00006500       0x24 ../lib/libc_nano.a(lib_a-lseekr.o)
                0x00006500                _lseek_r
 .text.__malloc_lock
                0x00006524        0x2 ../lib/libc_nano.a(lib_a-mlock.o)
                0x00006524                __malloc_lock
 .text.__malloc_unlock
                0x00006526        0x2 ../lib/libc_nano.a(lib_a-mlock.o)
                0x00006526                __malloc_unlock
 .text._free_r  0x00006528       0x98 ../lib/libc_nano.a(lib_a-nano-freer.o)
                0x00006528                _free_r
 .text.__ssputs_r
                0x000065c0       0xb4 ../lib/libc_nano.a(lib_a-nano-svfprintf.o)
                0x000065c0                __ssputs_r
 .text._svfprintf_r
                0x00006674      0x1f0 ../lib/libc_nano.a(lib_a-nano-svfprintf.o)
                0x00006674                _svfprintf_r
                0x00006674                _svfiprintf_r
 .text._printf_common
                0x00006864       0xec ../lib/libc_nano.a(lib_a-nano-vfprintf_i.o)
                0x00006864                _printf_common
 .text._printf_i
                0x00006950      0x224 ../lib/libc_nano.a(lib_a-nano-vfprintf_i.o)
                0x00006950                _printf_i
 .text._read_r  0x00006b74       0x24 ../lib/libc_nano.a(lib_a-readr.o)
                0x00006b74                _read_r
 .text.memchr   0x00006b98       0x1c ../lib/libc_nano.a(lib_a-memchr-stub.o)
                0x00006b98                memchr
 .text.memmove  0x00006bb4       0x32 ../lib/libc_nano.a(lib_a-memmove.o)
                0x00006bb4                memmove
 .text._realloc_r
                0x00006be6       0x4c ../lib/libc_nano.a(lib_a-nano-reallocr.o)
                0x00006be6                _realloc_r
 .text._malloc_usable_size_r
                0x00006c32       0x10 ../lib/libc_nano.a(lib_a-nano-msizer.o)
                0x00006c32                _malloc_usable_size_r
 *fill*         0x00006c42        0x2 
 .text          0x00006c44      0x424 ../lib/libgcc.a(_arm_muldivdf3.o)
                0x00006c44                __aeabi_dmul
                0x00006c44                __muldf3
                0x00006e98                __aeabi_ddiv
                0x00006e98                __divdf3
 .text          0x00007068       0xa0 ../lib/libgcc.a(_arm_truncdfsf2.o)
                0x00007068                __aeabi_d2f
                0x00007068                __truncdfsf2
 .text          0x00007108       0xec ../lib/libgcc.a(_arm_cmpsf2.o)
                0x00007108                __gesf2
                0x00007108                __gtsf2
                0x00007110                __ltsf2
                0x00007110                __lesf2
                0x00007118                __nesf2
                0x00007118                __eqsf2
                0x00007118                __cmpsf2
                0x00007178                __aeabi_cfrcmple
                0x00007180                __aeabi_cfcmpeq
                0x00007180                __aeabi_cfcmple
                0x00007190                __aeabi_fcmpeq
                0x000071a4                __aeabi_fcmplt
                0x000071b8                __aeabi_fcmple
                0x000071cc                __aeabi_fcmpge
                0x000071e0                __aeabi_fcmpgt
 .text          0x000071f4       0x2c ../lib/libgcc.a(_arm_unordsf2.o)
                0x000071f4                __aeabi_fcmpun
                0x000071f4                __unordsf2
 .text.arm_q15_to_q31
                0x00007220       0x68 ../lib/libarm_cortexM3l_math.a(arm_q15_to_q31.o)
                0x00007220                arm_q15_to_q31
 .text.arm_cmplx_mag_q31
                0x00007288       0xf4 ../lib/libarm_cortexM3l_math.a(arm_cmplx_mag_q31.o)
                0x00007288                arm_cmplx_mag_q31
 .text.arm_sqrt_q31
                0x0000737c       0xf8 ../lib/libarm_cortexM3l_math.a(arm_sqrt_q31.o)
                0x0000737c                arm_sqrt_q31
 *(.rodata .rodata.* .constdata .constdata.*)
 .rodata.dumpExceptionStack.str1.4
                0x00007474      0xa06 ./system/src/cortexm/exception_handlers.o
                                0x11a (size before relaxing)
 .rodata.str1.4
                0x00007e7a        0x0 ./system/src/cortexm/exception_handlers.o
                                 0x2a (size before relaxing)
 *fill*         0x00007e7a        0x2 
 .rodata.seq_afe_excitechancalatten2
                0x00007e7c       0x1c ./system/src/ADuCM350/afe_lib.o
                0x00007e7c                seq_afe_excitechancalatten2
 .rodata.seq_afe_excitechancalatten1
                0x00007e98       0x28 ./system/src/ADuCM350/afe_lib.o
                0x00007e98                seq_afe_excitechancalatten1
 .rodata.seq_afe_tiachancal5
                0x00007ec0       0x1c ./system/src/ADuCM350/afe_lib.o
                0x00007ec0                seq_afe_tiachancal5
 .rodata.seq_afe_tiachancal4
                0x00007edc       0x24 ./system/src/ADuCM350/afe_lib.o
                0x00007edc                seq_afe_tiachancal4
 .rodata.seq_afe_tiachancal3
                0x00007f00       0x20 ./system/src/ADuCM350/afe_lib.o
                0x00007f00                seq_afe_tiachancal3
 .rodata.seq_afe_tiachancal2
                0x00007f20       0x20 ./system/src/ADuCM350/afe_lib.o
                0x00007f20                seq_afe_tiachancal2
 .rodata.seq_afe_tiachancal1
                0x00007f40       0x24 ./system/src/ADuCM350/afe_lib.o
                0x00007f40                seq_afe_tiachancal1
 .rodata.seq_afe_excitechanpowerup
                0x00007f64       0x10 ./system/src/ADuCM350/afe_lib.o
                0x00007f64                seq_afe_excitechanpowerup
 .rodata.seq_afe_tempsenschancal
                0x00007f74       0x58 ./system/src/ADuCM350/afe_lib.o
                0x00007f74                seq_afe_tempsenschancal
 .rodata.seq_afe_auxchancal
                0x00007fcc       0x40 ./system/src/ADuCM350/afe_lib.o
                0x00007fcc                seq_afe_auxchancal
 .rodata.seq_afe_powerup
                0x0000800c       0x24 ./system/src/ADuCM350/afe_lib.o
                0x0000800c                seq_afe_powerup
 .rodata        0x00008030       0x14 ./system/src/ADuCM350/gpio.o
 .rodata        0x00008044       0x7e ./system/src/ADuCM350/uart.o
 *fill*         0x000080c2        0x2 
 .rodata.gWdtStaticInitData
                0x000080c4        0x6 ./system/src/ADuCM350/wdt.o
 .rodata.sprintf_fixed32.str1.4
                0x000080ca        0x0 ./src/OpenEIT.o
                                 0x10 (size before relaxing)
 .rodata.uart_Init.str1.4
                0x000080ca        0x0 ./src/OpenEIT.o
                                 0x5d (size before relaxing)
 .rodata.bioimpedance_spectroscopy.str1.4
                0x000080ca        0x0 ./src/OpenEIT.o
                                 0x38 (size before relaxing)
 .rodata.time_series_bipolar.str1.4
                0x000080ca        0x0 ./src/OpenEIT.o
                                 0x16 (size before relaxing)
 .rodata.multiplex_adg732.str1.4
                0x000080ca        0x0 ./src/OpenEIT.o
                                 0x6b (size before relaxing)
 .rodata.init_mode_bis.str1.4
                0x000080ca        0x0 ./src/OpenEIT.o
                                0x1f4 (size before relaxing)
 .rodata.init_GPIO_ports.str1.4
                0x000080ca        0x0 ./src/OpenEIT.o
                                0x112 (size before relaxing)
 .rodata.init_mode_bipolar.str1.4
                0x000080ca        0x0 ./src/OpenEIT.o
                                 0x9e (size before relaxing)
 .rodata.init_mode_tetramux.str1.4
                0x000080ca        0x0 ./src/OpenEIT.o
                                 0xd9 (size before relaxing)
 .rodata.main.str1.4
                0x000080ca        0x0 ./src/OpenEIT.o
                                0x224 (size before relaxing)
 .rodata.str1.4
                0x000080ca        0x0 ./src/OpenEIT.o
                                 0x6a (size before relaxing)
 *fill*         0x000080ca        0x6 
 .rodata.multifrequency
                0x000080d0       0x78 ./src/OpenEIT.o
                0x000080d0                multifrequency
 .rodata.electrode_configuration_32_opposition
                0x00008148     0x1e00 ./src/OpenEIT.o
                0x00008148                electrode_configuration_32_opposition
 .rodata.electrode_configuration_16_opposition
                0x00009f48      0x700 ./src/OpenEIT.o
                0x00009f48                electrode_configuration_16_opposition
 .rodata.electrode_configuration_8_opposition
                0x0000a648      0x180 ./src/OpenEIT.o
                0x0000a648                electrode_configuration_8_opposition
 .rodata.test_Fail.str1.4
                0x0000a7c8        0x0 ./src/test_common.o
                                  0xb (size before relaxing)
 .rodata.test_Init.str1.4
                0x0000a7c8        0x0 ./src/test_common.o
                                 0x6a (size before relaxing)
 .rodata._get_semihosting_exts.str1.1
                0x0000a7c8       0x4d ../lib/librdimon_nano.a(rdimon-syscalls.o)
                                 0x16 (size before relaxing)
 .rodata.initialise_monitor_handles.str1.1
                0x0000a815        0x0 ../lib/librdimon_nano.a(rdimon-syscalls.o)
                                  0x4 (size before relaxing)
 .rodata.sqrtf.str1.4
                0x0000a815        0x0 ../lib/libm.a(lib_a-wf_sqrt.o)
                                  0x6 (size before relaxing)
 *fill*         0x0000a815        0x3 
 .rodata.npio2_hw
                0x0000a818       0x80 ../lib/libm.a(lib_a-ef_rem_pio2.o)
 .rodata.two_over_pi
                0x0000a898      0x318 ../lib/libm.a(lib_a-ef_rem_pio2.o)
 .rodata.PIo2   0x0000abb0       0x2c ../lib/libm.a(lib_a-kf_rem_pio2.o)
 .rodata.init_jk
                0x0000abdc        0xc ../lib/libm.a(lib_a-kf_rem_pio2.o)
 .rodata.__sf_fake_stderr
                0x0000abe8       0x20 ../lib/libc_nano.a(lib_a-findfp.o)
                0x0000abe8                __sf_fake_stderr
 .rodata.__sf_fake_stdin
                0x0000ac08       0x20 ../lib/libc_nano.a(lib_a-findfp.o)
                0x0000ac08                __sf_fake_stdin
 .rodata.__sf_fake_stdout
                0x0000ac28       0x20 ../lib/libc_nano.a(lib_a-findfp.o)
                0x0000ac28                __sf_fake_stdout
 .rodata._global_impure_ptr
                0x0000ac48        0x4 ../lib/libc_nano.a(lib_a-impure.o)
                0x0000ac48                _global_impure_ptr
 .rodata._svfprintf_r.str1.1
                0x0000ac4c        0x0 ../lib/libc_nano.a(lib_a-nano-svfprintf.o)
                                 0x11 (size before relaxing)
 .rodata._printf_i.str1.1
                0x0000ac4c        0x0 ../lib/libc_nano.a(lib_a-nano-vfprintf_i.o)
                                 0x22 (size before relaxing)
 *(vtable)
 *(.eh_frame*)
 *(.glue_7)
 .glue_7        0x0000ac4c        0x0 linker stubs
 *(.glue_7t)
 .glue_7t       0x0000ac4c        0x0 linker stubs

.vfp11_veneer   0x0000ac4c        0x0
 .vfp11_veneer  0x0000ac4c        0x0 linker stubs

.v4_bx          0x0000ac4c        0x0
 .v4_bx         0x0000ac4c        0x0 linker stubs

.iplt           0x0000ac4c        0x0
 .iplt          0x0000ac4c        0x0 ./system/src/newlib/_sbrk.o

.ARM.extab
 *(.ARM.extab* .gnu.linkonce.armextab.*)
                0x0000ac4c                        . = ALIGN (0x4)
                0x0000ac4c                        __exidx_start = .

.ARM.exidx      0x0000036c        0x8
 *(.ARM.exidx* .gnu.linkonce.armexidx.*)
 .ARM.exidx     0x0000036c        0x8 ../lib/libgcc.a(_udivmoddi4.o)
                0x00000374                        __exidx_end = .

.rel.dyn        0x00000374        0x0
 .rel.iplt      0x00000374        0x0 ./system/src/newlib/_sbrk.o
                0x00000374                        . = ALIGN (0x4)
                0x00000374                        _etext = .
                0x00000374                        __etext = .

.data_CCMRAM    0x10000000        0x0 load address 0x00000374
 FILL mask 0xff
 *(.data.CCMRAM .data.CCMRAM.*)
                0x10000000                        . = ALIGN (0x4)
                0x0000ac4c                        _sidata = LOADADDR (.data)

.data           0x20000000      0x39c load address 0x0000ac4c
 FILL mask 0xff
                0x20000000                        _sdata = .
                0x20000000                        __data_start__ = .
 *(.data_begin .data_begin.*)
 .data_begin    0x20000000        0x4 ./system/src/newlib/_startup.o
 *(.data .data.*)
 .data.argv.1   0x20000004        0x8 ./system/src/newlib/_syscalls.o
 .data.FEE_DevData
                0x2000000c       0x60 ./system/src/ADuCM350/flash.o
 .data.UART_DevData
                0x2000006c       0x2c ./system/src/ADuCM350/uart.o
 .data.stringfreqs
                0x20000098       0x3c ./src/OpenEIT.o
                0x20000098                stringfreqs
 .data.m4_configuration
                0x200000d4       0x28 ./src/OpenEIT.o
                0x200000d4                m4_configuration
 .data.m3_configuration
                0x200000fc       0x28 ./src/OpenEIT.o
                0x200000fc                m3_configuration
 .data.m2_configuration
                0x20000124       0x28 ./src/OpenEIT.o
                0x20000124                m2_configuration
 .data.m1_configuration
                0x2000014c       0x28 ./src/OpenEIT.o
                0x2000014c                m1_configuration
 .data.seq_afe_fast_acmeasBioZ_4wire
                0x20000174       0x5c ./src/OpenEIT.o
                0x20000174                seq_afe_fast_acmeasBioZ_4wire
 .data.seq_afe_raw_adc_only_4wire
                0x200001d0       0x2c ./src/OpenEIT.o
                0x200001d0                seq_afe_raw_adc_only_4wire
 .data.seq_afe_fast_meas_4wire
                0x200001fc       0x48 ./src/OpenEIT.o
                0x200001fc                seq_afe_fast_meas_4wire
 .data.seq_afe_poweritup
                0x20000244       0x5c ./src/OpenEIT.o
                0x20000244                seq_afe_poweritup
 .data.seq_afe_poweritup_bipolar
                0x200002a0       0x50 ./src/OpenEIT.o
                0x200002a0                seq_afe_poweritup_bipolar
 .data.seq_fast_2wire_bipolar
                0x200002f0       0x38 ./src/OpenEIT.o
                0x200002f0                seq_fast_2wire_bipolar
 .data.supports_ext_exit_extended
                0x20000328        0x4 ../lib/librdimon_nano.a(rdimon-syscalls.o)
 .data.supports_ext_stdout_stderr
                0x2000032c        0x4 ../lib/librdimon_nano.a(rdimon-syscalls.o)
 .data.__fdlib_version
                0x20000330        0x1 ../lib/libm.a(lib_a-s_lib_ver.o)
                0x20000330                __fdlib_version
 *fill*         0x20000331        0x3 ff
 .data._impure_ptr
                0x20000334        0x4 ../lib/libc_nano.a(lib_a-impure.o)
                0x20000334                _impure_ptr
 .data.impure_data
                0x20000338       0x60 ../lib/libc_nano.a(lib_a-impure.o)
 *(.data_end .data_end.*)
 .data_end      0x20000398        0x4 ./system/src/newlib/_startup.o
                0x2000039c                        . = ALIGN (0x4)
                0x2000039c                        _edata = .
                0x2000039c                        __data_end__ = .

.igot.plt       0x2000039c        0x0 load address 0x0000afe8
 .igot.plt      0x2000039c        0x0 ./system/src/newlib/_sbrk.o

.bss_CCMRAM     0x10000000        0x0
 *(.bss.CCMRAM .bss.CCMRAM.*)

.bss            0x20000400      0x95c
                0x20000400                        __bss_start__ = .
                0x20000400                        _sbss = .
 *(.bss_begin .bss_begin.*)
 .bss_begin     0x20000400        0x4 ./system/src/newlib/_startup.o
 *(.bss .bss.*)
 .bss.current_heap_end.0
                0x20000404        0x4 ./system/src/newlib/_sbrk.o
 .bss.name.0    0x20000408        0x1 ./system/src/newlib/_syscalls.o
 *fill*         0x20000409        0x3 
 .bss.errno     0x2000040c        0x4 ./system/src/newlib/_syscalls.o
                0x2000040c                errno
 .bss.buf.0     0x20000410       0x80 ./system/src/diag/Trace.o
 .bss.privateIntOccFlag
                0x20000490        0x1 ./system/src/cmsis/system_ADuCM350.o
 *fill*         0x20000491        0x3 
 .bss.gpioClock
                0x20000494        0x4 ./system/src/cmsis/system_ADuCM350.o
 .bss.hfClock   0x20000498        0x4 ./system/src/cmsis/system_ADuCM350.o
 .bss.bufferInitialized.0
                0x2000049c        0x1 ./system/src/ADuCM350/afe.o
 *fill*         0x2000049d        0x3 
 .bss.pNextBuffer.1
                0x200004a0        0x4 ./system/src/ADuCM350/afe.o
 .bss.AFE_DevData
                0x200004a4       0x60 ./system/src/ADuCM350/afe.o
                0x200004a4                AFE_DevData
 .bss.gDmaDescriptorForAFERx
                0x20000504       0x18 ./system/src/ADuCM350/afe.o
 .bss.gDmaDescriptorForAFETx
                0x2000051c       0x18 ./system/src/ADuCM350/afe.o
 .bss.gBEEP_DevData
                0x20000534       0x14 ./system/src/ADuCM350/beep.o
                0x20000534                gBEEP_DevData
 .bss.CT_DevData
                0x20000548       0x14 ./system/src/ADuCM350/captouch.o
 .bss.DMA_DevData
                0x2000055c        0xc ./system/src/ADuCM350/dma.o
                0x2000055c                DMA_DevData
 *fill*         0x20000568       0x98 
 .bss.gChannelControlDataArray
                0x20000600      0x200 ./system/src/ADuCM350/dma.o
 .bss.adi_GPIO_Device
                0x20000800       0x5c ./system/src/ADuCM350/gpio.o
 .bss.gGPT_DevData
                0x2000085c       0x30 ./system/src/ADuCM350/gpt.o
                0x2000085c                gGPT_DevData
 .bss.gRNG_DevData
                0x2000088c       0x14 ./system/src/ADuCM350/rng.o
                0x2000088c                gRNG_DevData
 .bss.SPI_DevData
                0x200008a0       0xfc ./system/src/ADuCM350/spi.o
                0x200008a0                SPI_DevData
 .bss.WDT_DevData
                0x2000099c        0x3 ./system/src/ADuCM350/wdt.o
 *fill*         0x2000099f        0x1 
 .bss.WUT_DevData
                0x200009a0       0x14 ./system/src/ADuCM350/wut.o
 .bss.hDevice   0x200009b4        0x4 ./src/OpenEIT.o
                0x200009b4                hDevice
 .bss.hUartDevice
                0x200009b8        0x4 ./src/OpenEIT.o
                0x200009b8                hUartDevice
 .bss.TxBuffer  0x200009bc       0x64 ./src/OpenEIT.o
 .bss.RxBuffer  0x20000a20        0x2 ./src/OpenEIT.o
 *fill*         0x20000a22        0x2 
 .bss.mx4_clr_lut
                0x20000a24       0x40 ./src/OpenEIT.o
 .bss.mx4_set_lut
                0x20000a64       0x40 ./src/OpenEIT.o
 .bss.mx3_gp3_clr_lut
                0x20000aa4       0x40 ./src/OpenEIT.o
 .bss.mx3_gp3_set_lut
                0x20000ae4       0x40 ./src/OpenEIT.o
 .bss.mx3_gp1_clr_lut
                0x20000b24       0x40 ./src/OpenEIT.o
 .bss.mx3_gp1_set_lut
                0x20000b64       0x40 ./src/OpenEIT.o
 .bss.mx2_clr_lut
                0x20000ba4       0x40 ./src/OpenEIT.o
 .bss.mx2_set_lut
                0x20000be4       0x40 ./src/OpenEIT.o
 .bss.mx1_clr_lut
                0x20000c24       0x40 ./src/OpenEIT.o
 .bss.mx1_set_lut
                0x20000c64       0x40 ./src/OpenEIT.o
 .bss.monitor_stderr
                0x20000ca4        0x4 ../lib/librdimon_nano.a(rdimon-syscalls.o)
 .bss.monitor_stdin
                0x20000ca8        0x4 ../lib/librdimon_nano.a(rdimon-syscalls.o)
 .bss.monitor_stdout
                0x20000cac        0x4 ../lib/librdimon_nano.a(rdimon-syscalls.o)
 .bss.openfiles
                0x20000cb0       0xa0 ../lib/librdimon_nano.a(rdimon-syscalls.o)
 .bss.__malloc_free_list
                0x20000d50        0x4 ../lib/libc_nano.a(lib_a-nano-mallocr.o)
                0x20000d50                __malloc_free_list
 .bss.__malloc_sbrk_start
                0x20000d54        0x4 ../lib/libc_nano.a(lib_a-nano-mallocr.o)
                0x20000d54                __malloc_sbrk_start
 *(COMMON)
 *(.bss_end .bss_end.*)
 .bss_end       0x20000d58        0x4 ./system/src/newlib/_startup.o
                0x20000d5c                        . = ALIGN (0x4)
                0x20000d5c                        __bss_end__ = .
                0x20000d5c                        _ebss = .

.noinit_CCMRAM
 *(.noinit.CCMRAM .noinit.CCMRAM.*)

.noinit         0x20000d5c        0x0
                0x20000d5c                        _noinit = .
 *(.noinit .noinit.*)
                0x20000d5c                        . = ALIGN (0x4)
                0x20000d5c                        _end_noinit = .
                0x20000d5c                        PROVIDE (end = _end_noinit)
                [!provide]                        PROVIDE (_end = _end_noinit)
                [!provide]                        PROVIDE (__end = _end_noinit)
                [!provide]                        PROVIDE (__end__ = _end_noinit)

._check_stack   0x20000d5c      0x100
                0x20000e5c                        . = (. + _Minimum_Stack_Size)
 *fill*         0x20000d5c      0x100 

.b1text
 *(.b1text)
 *(.b1rodata)
 *(.b1rodata.*)

.eb0text
 *(.eb0text)
 *(.eb0rodata)
 *(.eb0rodata.*)

.eb1text
 *(.eb1text)
 *(.eb1rodata)
 *(.eb1rodata.*)

.eb2text
 *(.eb2text)
 *(.eb2rodata)
 *(.eb2rodata.*)

.eb3text
 *(.eb3text)
 *(.eb3rodata)
 *(.eb3rodata.*)

.stab
 *(.stab)

.stabstr
 *(.stabstr)

.stab.excl
 *(.stab.excl)

.stab.exclstr
 *(.stab.exclstr)

.stab.index
 *(.stab.index)

.stab.indexstr
 *(.stab.indexstr)

.comment        0x00000000       0xb5
 *(.comment)
 .comment       0x00000000       0xb5 ./system/src/newlib/_exit.o
                                 0x46 (size before relaxing)
 .comment       0x000000b5        0x0 ./system/src/newlib/_sbrk.o
                                 0x46 (size before relaxing)
 .comment       0x000000b5        0x0 ./system/src/newlib/_startup.o
                                 0x46 (size before relaxing)
 .comment       0x000000b5        0x0 ./system/src/newlib/_syscalls.o
                                 0x46 (size before relaxing)
 .comment       0x000000b5        0x0 ./system/src/diag/Trace.o
                                 0x46 (size before relaxing)
 .comment       0x000000b5        0x0 ./system/src/diag/trace_impl.o
                                 0x46 (size before relaxing)
 .comment       0x000000b5        0x0 ./system/src/cortexm/_initialize_hardware.o
                                 0x46 (size before relaxing)
 .comment       0x000000b5        0x0 ./system/src/cortexm/exception_handlers.o
                                 0x46 (size before relaxing)
 .comment       0x000000b5        0x0 ./system/src/cmsis/system_ADuCM350.o
                                 0x46 (size before relaxing)
 .comment       0x000000b5        0x0 ./system/src/cmsis/vectors_ADuCM350.o
                                 0x46 (size before relaxing)
 .comment       0x000000b5        0x0 ./system/src/ADuCM350/afe.o
                                 0x46 (size before relaxing)
 .comment       0x000000b5        0x0 ./system/src/ADuCM350/afe_lib.o
                                 0x46 (size before relaxing)
 .comment       0x000000b5        0x0 ./system/src/ADuCM350/beep.o
                                 0x46 (size before relaxing)
 .comment       0x000000b5        0x0 ./system/src/ADuCM350/captouch.o
                                 0x46 (size before relaxing)
 .comment       0x000000b5        0x0 ./system/src/ADuCM350/dma.o
                                 0x46 (size before relaxing)
 .comment       0x000000b5        0x0 ./system/src/ADuCM350/flash.o
                                 0x46 (size before relaxing)
 .comment       0x000000b5        0x0 ./system/src/ADuCM350/gpio.o
                                 0x46 (size before relaxing)
 .comment       0x000000b5        0x0 ./system/src/ADuCM350/gpt.o
                                 0x46 (size before relaxing)
 .comment       0x000000b5        0x0 ./system/src/ADuCM350/rng.o
                                 0x46 (size before relaxing)
 .comment       0x000000b5        0x0 ./system/src/ADuCM350/spi.o
                                 0x46 (size before relaxing)
 .comment       0x000000b5        0x0 ./system/src/ADuCM350/uart.o
                                 0x46 (size before relaxing)
 .comment       0x000000b5        0x0 ./system/src/ADuCM350/wdt.o
                                 0x46 (size before relaxing)
 .comment       0x000000b5        0x0 ./system/src/ADuCM350/wut.o
                                 0x46 (size before relaxing)
 .comment       0x000000b5        0x0 ./src/OpenEIT.o
                                 0x46 (size before relaxing)
 .comment       0x000000b5        0x0 ./src/PinMux.o
                                 0x46 (size before relaxing)
 .comment       0x000000b5        0x0 ./src/test_common.o
                                 0x46 (size before relaxing)
 .comment       0x000000b5        0x0 ../lib/libarm_cortexM3l_math.a(arm_q15_to_q31.o)
                                 0x71 (size before relaxing)
 .comment       0x000000b5        0x0 ../lib/libarm_cortexM3l_math.a(arm_cmplx_mag_q31.o)
                                 0x71 (size before relaxing)
 .comment       0x000000b5        0x0 ../lib/libarm_cortexM3l_math.a(arm_sqrt_q31.o)
                                 0x71 (size before relaxing)

.ARM.attributes
                0x00000000       0x2b
 .ARM.attributes
                0x00000000       0x2d ./system/src/newlib/_exit.o
 .ARM.attributes
                0x0000002d       0x2d ./system/src/newlib/_sbrk.o
 .ARM.attributes
                0x0000005a       0x2d ./system/src/newlib/_startup.o
 .ARM.attributes
                0x00000087       0x2d ./system/src/newlib/_syscalls.o
 .ARM.attributes
                0x000000b4       0x2d ./system/src/diag/Trace.o
 .ARM.attributes
                0x000000e1       0x2d ./system/src/diag/trace_impl.o
 .ARM.attributes
                0x0000010e       0x2d ./system/src/cortexm/_initialize_hardware.o
 .ARM.attributes
                0x0000013b       0x2d ./system/src/cortexm/exception_handlers.o
 .ARM.attributes
                0x00000168       0x2d ./system/src/cmsis/system_ADuCM350.o
 .ARM.attributes
                0x00000195       0x2d ./system/src/cmsis/vectors_ADuCM350.o
 .ARM.attributes
                0x000001c2       0x2d ./system/src/ADuCM350/afe.o
 .ARM.attributes
                0x000001ef       0x2d ./system/src/ADuCM350/afe_lib.o
 .ARM.attributes
                0x0000021c       0x2d ./system/src/ADuCM350/beep.o
 .ARM.attributes
                0x00000249       0x2d ./system/src/ADuCM350/captouch.o
 .ARM.attributes
                0x00000276       0x2d ./system/src/ADuCM350/dma.o
 .ARM.attributes
                0x000002a3       0x2d ./system/src/ADuCM350/flash.o
 .ARM.attributes
                0x000002d0       0x2d ./system/src/ADuCM350/gpio.o
 .ARM.attributes
                0x000002fd       0x2d ./system/src/ADuCM350/gpt.o
 .ARM.attributes
                0x0000032a       0x2d ./system/src/ADuCM350/rng.o
 .ARM.attributes
                0x00000357       0x2d ./system/src/ADuCM350/spi.o
 .ARM.attributes
                0x00000384       0x2d ./system/src/ADuCM350/uart.o
 .ARM.attributes
                0x000003b1       0x2d ./system/src/ADuCM350/wdt.o
 .ARM.attributes
                0x000003de       0x2d ./system/src/ADuCM350/wut.o
 .ARM.attributes
                0x0000040b       0x2d ./src/OpenEIT.o
 .ARM.attributes
                0x00000438       0x2d ./src/PinMux.o
 .ARM.attributes
                0x00000465       0x2d ./src/test_common.o
 .ARM.attributes
                0x00000492       0x2d ../lib/librdimon_nano.a(rdimon-syscalls.o)
 .ARM.attributes
                0x000004bf       0x1d ../lib/libgcc.a(_arm_addsubdf3.o)
 .ARM.attributes
                0x000004dc       0x1d ../lib/libgcc.a(_arm_fixunsdfsi.o)
 .ARM.attributes
                0x000004f9       0x1d ../lib/libgcc.a(_arm_addsubsf3.o)
 .ARM.attributes
                0x00000516       0x1d ../lib/libgcc.a(_arm_muldivsf3.o)
 .ARM.attributes
                0x00000533       0x1d ../lib/libgcc.a(_arm_fixsfsi.o)
 .ARM.attributes
                0x00000550       0x1d ../lib/libgcc.a(_aeabi_ldivmod.o)
 .ARM.attributes
                0x0000056d       0x1d ../lib/libgcc.a(_aeabi_uldivmod.o)
 .ARM.attributes
                0x0000058a       0x2d ../lib/libgcc.a(_udivmoddi4.o)
 .ARM.attributes
                0x000005b7       0x1d ../lib/libgcc.a(_dvmd_tls.o)
 .ARM.attributes
                0x000005d4       0x2d ../lib/libm.a(lib_a-sf_cos.o)
 .ARM.attributes
                0x00000601       0x2d ../lib/libm.a(lib_a-sf_sin.o)
 .ARM.attributes
                0x0000062e       0x2d ../lib/libm.a(lib_a-wf_sqrt.o)
 .ARM.attributes
                0x0000065b       0x2d ../lib/libm.a(lib_a-ef_rem_pio2.o)
 .ARM.attributes
                0x00000688       0x2d ../lib/libm.a(lib_a-ef_sqrt.o)
 .ARM.attributes
                0x000006b5       0x2d ../lib/libm.a(lib_a-kf_cos.o)
 .ARM.attributes
                0x000006e2       0x2d ../lib/libm.a(lib_a-kf_rem_pio2.o)
 .ARM.attributes
                0x0000070f       0x2d ../lib/libm.a(lib_a-kf_sin.o)
 .ARM.attributes
                0x0000073c       0x2d ../lib/libm.a(lib_a-s_lib_ver.o)
 .ARM.attributes
                0x00000769       0x2d ../lib/libm.a(lib_a-s_matherr.o)
 .ARM.attributes
                0x00000796       0x2d ../lib/libm.a(lib_a-sf_fabs.o)
 .ARM.attributes
                0x000007c3       0x2d ../lib/libm.a(lib_a-sf_floor.o)
 .ARM.attributes
                0x000007f0       0x2d ../lib/libm.a(lib_a-sf_scalbn.o)
 .ARM.attributes
                0x0000081d       0x2d ../lib/libm.a(lib_a-sf_copysign.o)
 .ARM.attributes
                0x0000084a       0x2d ../lib/libc_nano.a(lib_a-errno.o)
 .ARM.attributes
                0x00000877       0x2d ../lib/libc_nano.a(lib_a-findfp.o)
 .ARM.attributes
                0x000008a4       0x2d ../lib/libc_nano.a(lib_a-fwalk.o)
 .ARM.attributes
                0x000008d1       0x2d ../lib/libc_nano.a(lib_a-impure.o)
 .ARM.attributes
                0x000008fe       0x2d ../lib/libc_nano.a(lib_a-memcpy-stub.o)
 .ARM.attributes
                0x0000092b       0x2d ../lib/libc_nano.a(lib_a-memset.o)
 .ARM.attributes
                0x00000958       0x2d ../lib/libc_nano.a(lib_a-nano-mallocr.o)
 .ARM.attributes
                0x00000985       0x2d ../lib/libc_nano.a(lib_a-sbrkr.o)
 .ARM.attributes
                0x000009b2       0x2d ../lib/libc_nano.a(lib_a-sprintf.o)
 .ARM.attributes
                0x000009df       0x2d ../lib/libc_nano.a(lib_a-stdio.o)
 .ARM.attributes
                0x00000a0c       0x2d ../lib/libc_nano.a(lib_a-strcat.o)
 .ARM.attributes
                0x00000a39       0x17 ../lib/libc_nano.a(lib_a-strlen.o)
 .ARM.attributes
                0x00000a50       0x2d ../lib/libc_nano.a(lib_a-vsnprintf.o)
 .ARM.attributes
                0x00000a7d       0x2d ../lib/libc_nano.a(lib_a-writer.o)
 .ARM.attributes
                0x00000aaa       0x2d ../lib/libc_nano.a(lib_a-closer.o)
 .ARM.attributes
                0x00000ad7       0x2d ../lib/libc_nano.a(lib_a-fflush.o)
 .ARM.attributes
                0x00000b04       0x2d ../lib/libc_nano.a(lib_a-lseekr.o)
 .ARM.attributes
                0x00000b31       0x2d ../lib/libc_nano.a(lib_a-mlock.o)
 .ARM.attributes
                0x00000b5e       0x2d ../lib/libc_nano.a(lib_a-nano-freer.o)
 .ARM.attributes
                0x00000b8b       0x2d ../lib/libc_nano.a(lib_a-nano-svfprintf.o)
 .ARM.attributes
                0x00000bb8       0x2d ../lib/libc_nano.a(lib_a-nano-vfprintf_i.o)
 .ARM.attributes
                0x00000be5       0x2d ../lib/libc_nano.a(lib_a-readr.o)
 .ARM.attributes
                0x00000c12       0x2d ../lib/libc_nano.a(lib_a-memchr-stub.o)
 .ARM.attributes
                0x00000c3f       0x2d ../lib/libc_nano.a(lib_a-memmove.o)
 .ARM.attributes
                0x00000c6c       0x2d ../lib/libc_nano.a(lib_a-nano-reallocr.o)
 .ARM.attributes
                0x00000c99       0x2d ../lib/libc_nano.a(lib_a-nano-msizer.o)
 .ARM.attributes
                0x00000cc6       0x1d ../lib/libgcc.a(_arm_muldivdf3.o)
 .ARM.attributes
                0x00000ce3       0x1d ../lib/libgcc.a(_arm_truncdfsf2.o)
 .ARM.attributes
                0x00000d00       0x1d ../lib/libgcc.a(_arm_cmpsf2.o)
 .ARM.attributes
                0x00000d1d       0x1d ../lib/libgcc.a(_arm_unordsf2.o)
 .ARM.attributes
                0x00000d3a       0x33 ../lib/libarm_cortexM3l_math.a(arm_q15_to_q31.o)
 .ARM.attributes
                0x00000d6d       0x33 ../lib/libarm_cortexM3l_math.a(arm_cmplx_mag_q31.o)
 .ARM.attributes
                0x00000da0       0x33 ../lib/libarm_cortexM3l_math.a(arm_sqrt_q31.o)

.debug
 *(.debug)

.line
 *(.line)

.debug_srcinfo
 *(.debug_srcinfo)

.debug_sfnames
 *(.debug_sfnames)

.debug_aranges  0x00000000     0x1608
 *(.debug_aranges)
 .debug_aranges
                0x00000000       0x28 ./system/src/newlib/_exit.o
 .debug_aranges
                0x00000028       0x20 ./system/src/newlib/_sbrk.o
 .debug_aranges
                0x00000048       0x40 ./system/src/newlib/_startup.o
 .debug_aranges
                0x00000088       0x30 ./system/src/newlib/_syscalls.o
 .debug_aranges
                0x000000b8       0x38 ./system/src/diag/Trace.o
 .debug_aranges
                0x000000f0       0x28 ./system/src/diag/trace_impl.o
 .debug_aranges
                0x00000118       0x28 ./system/src/cortexm/_initialize_hardware.o
 .debug_aranges
                0x00000140       0x88 ./system/src/cortexm/exception_handlers.o
 .debug_aranges
                0x000001c8       0xf0 ./system/src/cmsis/system_ADuCM350.o
 .debug_aranges
                0x000002b8      0x250 ./system/src/cmsis/vectors_ADuCM350.o
 .debug_aranges
                0x00000508      0x1c8 ./system/src/ADuCM350/afe.o
 .debug_aranges
                0x000006d0       0x98 ./system/src/ADuCM350/afe_lib.o
 .debug_aranges
                0x00000768       0xa0 ./system/src/ADuCM350/beep.o
 .debug_aranges
                0x00000808      0x308 ./system/src/ADuCM350/captouch.o
 .debug_aranges
                0x00000b10       0x58 ./system/src/ADuCM350/dma.o
 .debug_aranges
                0x00000b68       0xd8 ./system/src/ADuCM350/flash.o
 .debug_aranges
                0x00000c40      0x148 ./system/src/ADuCM350/gpio.o
 .debug_aranges
                0x00000d88       0xe8 ./system/src/ADuCM350/gpt.o
 .debug_aranges
                0x00000e70       0x98 ./system/src/ADuCM350/rng.o
 .debug_aranges
                0x00000f08      0x278 ./system/src/ADuCM350/spi.o
 .debug_aranges
                0x00001180      0x140 ./system/src/ADuCM350/uart.o
 .debug_aranges
                0x000012c0       0xc8 ./system/src/ADuCM350/wdt.o
 .debug_aranges
                0x00001388       0xe0 ./system/src/ADuCM350/wut.o
 .debug_aranges
                0x00001468       0xe0 ./src/OpenEIT.o
 .debug_aranges
                0x00001548       0x20 ./src/PinMux.o
 .debug_aranges
                0x00001568       0x40 ./src/test_common.o
 .debug_aranges
                0x000015a8       0x20 ../lib/libarm_cortexM3l_math.a(arm_q15_to_q31.o)
 .debug_aranges
                0x000015c8       0x20 ../lib/libarm_cortexM3l_math.a(arm_cmplx_mag_q31.o)
 .debug_aranges
                0x000015e8       0x20 ../lib/libarm_cortexM3l_math.a(arm_sqrt_q31.o)

.debug_pubnames
 *(.debug_pubnames)

.debug_info     0x00000000    0x1e3ec
 *(.debug_info .gnu.linkonce.wi.*)
 .debug_info    0x00000000      0x104 ./system/src/newlib/_exit.o
 .debug_info    0x00000104      0x10f ./system/src/newlib/_sbrk.o
 .debug_info    0x00000213      0x48f ./system/src/newlib/_startup.o
 .debug_info    0x000006a2      0x1c3 ./system/src/newlib/_syscalls.o
 .debug_info    0x00000865      0x34b ./system/src/diag/Trace.o
 .debug_info    0x00000bb0       0xfd ./system/src/diag/trace_impl.o
 .debug_info    0x00000cad      0x27a ./system/src/cortexm/_initialize_hardware.o
 .debug_info    0x00000f27      0x7c4 ./system/src/cortexm/exception_handlers.o
 .debug_info    0x000016eb     0x2997 ./system/src/cmsis/system_ADuCM350.o
 .debug_info    0x00004082      0x857 ./system/src/cmsis/vectors_ADuCM350.o
 .debug_info    0x000048d9     0x2c77 ./system/src/ADuCM350/afe.o
 .debug_info    0x00007550     0x17a5 ./system/src/ADuCM350/afe_lib.o
 .debug_info    0x00008cf5     0x10f2 ./system/src/ADuCM350/beep.o
 .debug_info    0x00009de7     0x3bbd ./system/src/ADuCM350/captouch.o
 .debug_info    0x0000d9a4      0xb88 ./system/src/ADuCM350/dma.o
 .debug_info    0x0000e52c     0x1d46 ./system/src/ADuCM350/flash.o
 .debug_info    0x00010272     0x1619 ./system/src/ADuCM350/gpio.o
 .debug_info    0x0001188b     0x113a ./system/src/ADuCM350/gpt.o
 .debug_info    0x000129c5      0xdc9 ./system/src/ADuCM350/rng.o
 .debug_info    0x0001378e     0x2ec8 ./system/src/ADuCM350/spi.o
 .debug_info    0x00016656     0x1ac3 ./system/src/ADuCM350/uart.o
 .debug_info    0x00018119      0xcc1 ./system/src/ADuCM350/wdt.o
 .debug_info    0x00018dda     0x117f ./system/src/ADuCM350/wut.o
 .debug_info    0x00019f59     0x3a00 ./src/OpenEIT.o
 .debug_info    0x0001d959       0xaf ./src/PinMux.o
 .debug_info    0x0001da08      0x343 ./src/test_common.o
 .debug_info    0x0001dd4b      0x1b5 ../lib/libarm_cortexM3l_math.a(arm_q15_to_q31.o)
 .debug_info    0x0001df00      0x300 ../lib/libarm_cortexM3l_math.a(arm_cmplx_mag_q31.o)
 .debug_info    0x0001e200      0x1ec ../lib/libarm_cortexM3l_math.a(arm_sqrt_q31.o)

.debug_abbrev   0x00000000     0x4155
 *(.debug_abbrev)
 .debug_abbrev  0x00000000       0xc5 ./system/src/newlib/_exit.o
 .debug_abbrev  0x000000c5       0xcc ./system/src/newlib/_sbrk.o
 .debug_abbrev  0x00000191      0x20e ./system/src/newlib/_startup.o
 .debug_abbrev  0x0000039f      0x118 ./system/src/newlib/_syscalls.o
 .debug_abbrev  0x000004b7      0x184 ./system/src/diag/Trace.o
 .debug_abbrev  0x0000063b       0xa6 ./system/src/diag/trace_impl.o
 .debug_abbrev  0x000006e1      0x105 ./system/src/cortexm/_initialize_hardware.o
 .debug_abbrev  0x000007e6      0x21b ./system/src/cortexm/exception_handlers.o
 .debug_abbrev  0x00000a01      0x424 ./system/src/cmsis/system_ADuCM350.o
 .debug_abbrev  0x00000e25      0x189 ./system/src/cmsis/vectors_ADuCM350.o
 .debug_abbrev  0x00000fae      0x4b9 ./system/src/ADuCM350/afe.o
 .debug_abbrev  0x00001467      0x28f ./system/src/ADuCM350/afe_lib.o
 .debug_abbrev  0x000016f6      0x31e ./system/src/ADuCM350/beep.o
 .debug_abbrev  0x00001a14      0x320 ./system/src/ADuCM350/captouch.o
 .debug_abbrev  0x00001d34      0x2a0 ./system/src/ADuCM350/dma.o
 .debug_abbrev  0x00001fd4      0x3d4 ./system/src/ADuCM350/flash.o
 .debug_abbrev  0x000023a8      0x2ea ./system/src/ADuCM350/gpio.o
 .debug_abbrev  0x00002692      0x2e0 ./system/src/ADuCM350/gpt.o
 .debug_abbrev  0x00002972      0x332 ./system/src/ADuCM350/rng.o
 .debug_abbrev  0x00002ca4      0x3b2 ./system/src/ADuCM350/spi.o
 .debug_abbrev  0x00003056      0x340 ./system/src/ADuCM350/uart.o
 .debug_abbrev  0x00003396      0x2da ./system/src/ADuCM350/wdt.o
 .debug_abbrev  0x00003670      0x265 ./system/src/ADuCM350/wut.o
 .debug_abbrev  0x000038d5      0x474 ./src/OpenEIT.o
 .debug_abbrev  0x00003d49       0x57 ./src/PinMux.o
 .debug_abbrev  0x00003da0      0x173 ./src/test_common.o
 .debug_abbrev  0x00003f13       0x94 ../lib/libarm_cortexM3l_math.a(arm_q15_to_q31.o)
 .debug_abbrev  0x00003fa7       0xdb ../lib/libarm_cortexM3l_math.a(arm_cmplx_mag_q31.o)
 .debug_abbrev  0x00004082       0xd3 ../lib/libarm_cortexM3l_math.a(arm_sqrt_q31.o)

.debug_line     0x00000000    0x13d75
 *(.debug_line)
 .debug_line    0x00000000      0x35b ./system/src/newlib/_exit.o
 .debug_line    0x0000035b      0x358 ./system/src/newlib/_sbrk.o
 .debug_line    0x000006b3      0x56e ./system/src/newlib/_startup.o
 .debug_line    0x00000c21      0x427 ./system/src/newlib/_syscalls.o
 .debug_line    0x00001048      0x43e ./system/src/diag/Trace.o
 .debug_line    0x00001486      0x587 ./system/src/diag/trace_impl.o
 .debug_line    0x00001a0d      0x34b ./system/src/cortexm/_initialize_hardware.o
 .debug_line    0x00001d58      0x7c6 ./system/src/cortexm/exception_handlers.o
 .debug_line    0x0000251e     0x156d ./system/src/cmsis/system_ADuCM350.o
 .debug_line    0x00003a8b      0xa4d ./system/src/cmsis/vectors_ADuCM350.o
 .debug_line    0x000044d8     0x1b0a ./system/src/ADuCM350/afe.o
 .debug_line    0x00005fe2      0xbe2 ./system/src/ADuCM350/afe_lib.o
 .debug_line    0x00006bc4      0xa57 ./system/src/ADuCM350/beep.o
 .debug_line    0x0000761b     0x218e ./system/src/ADuCM350/captouch.o
 .debug_line    0x000097a9      0x838 ./system/src/ADuCM350/dma.o
 .debug_line    0x00009fe1      0xfda ./system/src/ADuCM350/flash.o
 .debug_line    0x0000afbb      0xb9a ./system/src/ADuCM350/gpio.o
 .debug_line    0x0000bb55      0xb0d ./system/src/ADuCM350/gpt.o
 .debug_line    0x0000c662      0xa04 ./system/src/ADuCM350/rng.o
 .debug_line    0x0000d066     0x210f ./system/src/ADuCM350/spi.o
 .debug_line    0x0000f175     0x1285 ./system/src/ADuCM350/uart.o
 .debug_line    0x000103fa      0x89c ./system/src/ADuCM350/wdt.o
 .debug_line    0x00010c96      0xaba ./system/src/ADuCM350/wut.o
 .debug_line    0x00011750     0x185c ./src/OpenEIT.o
 .debug_line    0x00012fac      0x305 ./src/PinMux.o
 .debug_line    0x000132b1      0x659 ./src/test_common.o
 .debug_line    0x0001390a      0x162 ../lib/libarm_cortexM3l_math.a(arm_q15_to_q31.o)
 .debug_line    0x00013a6c      0x192 ../lib/libarm_cortexM3l_math.a(arm_cmplx_mag_q31.o)
 .debug_line    0x00013bfe      0x177 ../lib/libarm_cortexM3l_math.a(arm_sqrt_q31.o)

.debug_frame    0x00000000     0x45a8
 *(.debug_frame)
 .debug_frame   0x00000000       0x38 ./system/src/newlib/_exit.o
 .debug_frame   0x00000038       0x28 ./system/src/newlib/_sbrk.o
 .debug_frame   0x00000060       0x7c ./system/src/newlib/_startup.o
 .debug_frame   0x000000dc       0x50 ./system/src/newlib/_syscalls.o
 .debug_frame   0x0000012c       0x94 ./system/src/diag/Trace.o
 .debug_frame   0x000001c0       0x30 ./system/src/diag/trace_impl.o
 .debug_frame   0x000001f0       0x40 ./system/src/cortexm/_initialize_hardware.o
 .debug_frame   0x00000230      0x144 ./system/src/cortexm/exception_handlers.o
 .debug_frame   0x00000374      0x258 ./system/src/cmsis/system_ADuCM350.o
 .debug_frame   0x000005cc      0x7d0 ./system/src/cmsis/vectors_ADuCM350.o
 .debug_frame   0x00000d9c      0x42c ./system/src/ADuCM350/afe.o
 .debug_frame   0x000011c8      0x204 ./system/src/ADuCM350/afe_lib.o
 .debug_frame   0x000013cc      0x13c ./system/src/ADuCM350/beep.o
 .debug_frame   0x00001508      0x64c ./system/src/ADuCM350/captouch.o
 .debug_frame   0x00001b54       0xa0 ./system/src/ADuCM350/dma.o
 .debug_frame   0x00001bf4      0x240 ./system/src/ADuCM350/flash.o
 .debug_frame   0x00001e34      0x2e4 ./system/src/ADuCM350/gpio.o
 .debug_frame   0x00002118      0x1f0 ./system/src/ADuCM350/gpt.o
 .debug_frame   0x00002308      0x130 ./system/src/ADuCM350/rng.o
 .debug_frame   0x00002438      0x608 ./system/src/ADuCM350/spi.o
 .debug_frame   0x00002a40      0x310 ./system/src/ADuCM350/uart.o
 .debug_frame   0x00002d50      0x188 ./system/src/ADuCM350/wdt.o
 .debug_frame   0x00002ed8      0x1e4 ./system/src/ADuCM350/wut.o
 .debug_frame   0x000030bc      0x328 ./src/OpenEIT.o
 .debug_frame   0x000033e4       0x20 ./src/PinMux.o
 .debug_frame   0x00003404       0x90 ./src/test_common.o
 .debug_frame   0x00003494      0x3ac ../lib/librdimon_nano.a(rdimon-syscalls.o)
 .debug_frame   0x00003840       0xac ../lib/libgcc.a(_arm_addsubdf3.o)
 .debug_frame   0x000038ec       0x24 ../lib/libgcc.a(_arm_fixunsdfsi.o)
 .debug_frame   0x00003910       0x4c ../lib/libgcc.a(_arm_addsubsf3.o)
 .debug_frame   0x0000395c       0x38 ../lib/libgcc.a(_arm_muldivsf3.o)
 .debug_frame   0x00003994       0x24 ../lib/libgcc.a(_arm_fixsfsi.o)
 .debug_frame   0x000039b8       0x44 ../lib/libgcc.a(_aeabi_ldivmod.o)
 .debug_frame   0x000039fc       0x2c ../lib/libgcc.a(_aeabi_uldivmod.o)
 .debug_frame   0x00003a28       0x34 ../lib/libgcc.a(_udivmoddi4.o)
 .debug_frame   0x00003a5c       0x34 ../lib/libm.a(lib_a-sf_cos.o)
 .debug_frame   0x00003a90       0x34 ../lib/libm.a(lib_a-sf_sin.o)
 .debug_frame   0x00003ac4       0x3c ../lib/libm.a(lib_a-wf_sqrt.o)
 .debug_frame   0x00003b00       0x48 ../lib/libm.a(lib_a-ef_rem_pio2.o)
 .debug_frame   0x00003b48       0x30 ../lib/libm.a(lib_a-ef_sqrt.o)
 .debug_frame   0x00003b78       0x34 ../lib/libm.a(lib_a-kf_cos.o)
 .debug_frame   0x00003bac       0x50 ../lib/libm.a(lib_a-kf_rem_pio2.o)
 .debug_frame   0x00003bfc       0x34 ../lib/libm.a(lib_a-kf_sin.o)
 .debug_frame   0x00003c30       0x20 ../lib/libm.a(lib_a-s_matherr.o)
 .debug_frame   0x00003c50       0x20 ../lib/libm.a(lib_a-sf_fabs.o)
 .debug_frame   0x00003c70       0x30 ../lib/libm.a(lib_a-sf_floor.o)
 .debug_frame   0x00003ca0       0x28 ../lib/libm.a(lib_a-sf_scalbn.o)
 .debug_frame   0x00003cc8       0x20 ../lib/libm.a(lib_a-sf_copysign.o)
 .debug_frame   0x00003ce8       0x20 ../lib/libc_nano.a(lib_a-errno.o)
 .debug_frame   0x00003d08      0x11c ../lib/libc_nano.a(lib_a-findfp.o)
 .debug_frame   0x00003e24       0x54 ../lib/libc_nano.a(lib_a-fwalk.o)
 .debug_frame   0x00003e78       0x28 ../lib/libc_nano.a(lib_a-memcpy-stub.o)
 .debug_frame   0x00003ea0       0x20 ../lib/libc_nano.a(lib_a-memset.o)
 .debug_frame   0x00003ec0       0x2c ../lib/libc_nano.a(lib_a-nano-mallocr.o)
 .debug_frame   0x00003eec       0x2c ../lib/libc_nano.a(lib_a-sbrkr.o)
 .debug_frame   0x00003f18       0x6c ../lib/libc_nano.a(lib_a-sprintf.o)
 .debug_frame   0x00003f84       0x88 ../lib/libc_nano.a(lib_a-stdio.o)
 .debug_frame   0x0000400c       0x28 ../lib/libc_nano.a(lib_a-strcat.o)
 .debug_frame   0x00004034       0x4c ../lib/libc_nano.a(lib_a-vsnprintf.o)
 .debug_frame   0x00004080       0x2c ../lib/libc_nano.a(lib_a-writer.o)
 .debug_frame   0x000040ac       0x2c ../lib/libc_nano.a(lib_a-closer.o)
 .debug_frame   0x000040d8       0x68 ../lib/libc_nano.a(lib_a-fflush.o)
 .debug_frame   0x00004140       0x2c ../lib/libc_nano.a(lib_a-lseekr.o)
 .debug_frame   0x0000416c       0x30 ../lib/libc_nano.a(lib_a-mlock.o)
 .debug_frame   0x0000419c       0x38 ../lib/libc_nano.a(lib_a-nano-freer.o)
 .debug_frame   0x000041d4       0x90 ../lib/libc_nano.a(lib_a-nano-svfprintf.o)
 .debug_frame   0x00004264       0x60 ../lib/libc_nano.a(lib_a-nano-vfprintf_i.o)
 .debug_frame   0x000042c4       0x2c ../lib/libc_nano.a(lib_a-readr.o)
 .debug_frame   0x000042f0       0x28 ../lib/libc_nano.a(lib_a-memchr-stub.o)
 .debug_frame   0x00004318       0x28 ../lib/libc_nano.a(lib_a-memmove.o)
 .debug_frame   0x00004340       0x3c ../lib/libc_nano.a(lib_a-nano-reallocr.o)
 .debug_frame   0x0000437c       0x20 ../lib/libc_nano.a(lib_a-nano-msizer.o)
 .debug_frame   0x0000439c       0x50 ../lib/libgcc.a(_arm_muldivdf3.o)
 .debug_frame   0x000043ec       0x24 ../lib/libgcc.a(_arm_truncdfsf2.o)
 .debug_frame   0x00004410       0xc8 ../lib/libgcc.a(_arm_cmpsf2.o)
 .debug_frame   0x000044d8       0x24 ../lib/libgcc.a(_arm_unordsf2.o)
 .debug_frame   0x000044fc       0x30 ../lib/libarm_cortexM3l_math.a(arm_q15_to_q31.o)
 .debug_frame   0x0000452c       0x3c ../lib/libarm_cortexM3l_math.a(arm_cmplx_mag_q31.o)
 .debug_frame   0x00004568       0x40 ../lib/libarm_cortexM3l_math.a(arm_sqrt_q31.o)

.debug_str      0x00000000    0x5d574
 *(.debug_str)
 .debug_str     0x00000000    0x5d574 ./system/src/newlib/_exit.o
                               0x7cbb (size before relaxing)
 .debug_str     0x0005d574        0x0 ./system/src/newlib/_sbrk.o
                               0x7070 (size before relaxing)
 .debug_str     0x0005d574        0x0 ./system/src/newlib/_startup.o
                               0x66cf (size before relaxing)
 .debug_str     0x0005d574        0x0 ./system/src/newlib/_syscalls.o
                               0x8ffe (size before relaxing)
 .debug_str     0x0005d574        0x0 ./system/src/diag/Trace.o
                               0x842e (size before relaxing)
 .debug_str     0x0005d574        0x0 ./system/src/diag/trace_impl.o
                              0x40801 (size before relaxing)
 .debug_str     0x0005d574        0x0 ./system/src/cortexm/_initialize_hardware.o
                              0x3d0ce (size before relaxing)
 .debug_str     0x0005d574        0x0 ./system/src/cortexm/exception_handlers.o
                              0x41bc3 (size before relaxing)
 .debug_str     0x0005d574        0x0 ./system/src/cmsis/system_ADuCM350.o
                              0x3f04b (size before relaxing)
 .debug_str     0x0005d574        0x0 ./system/src/cmsis/vectors_ADuCM350.o
                              0x40807 (size before relaxing)
 .debug_str     0x0005d574        0x0 ./system/src/ADuCM350/afe.o
                              0x4248f (size before relaxing)
 .debug_str     0x0005d574        0x0 ./system/src/ADuCM350/afe_lib.o
                              0x41069 (size before relaxing)
 .debug_str     0x0005d574        0x0 ./system/src/ADuCM350/beep.o
                              0x418fe (size before relaxing)
 .debug_str     0x0005d574        0x0 ./system/src/ADuCM350/captouch.o
                              0x448b0 (size before relaxing)
 .debug_str     0x0005d574        0x0 ./system/src/ADuCM350/dma.o
                              0x3dd60 (size before relaxing)
 .debug_str     0x0005d574        0x0 ./system/src/ADuCM350/flash.o
                              0x3eb60 (size before relaxing)
 .debug_str     0x0005d574        0x0 ./system/src/ADuCM350/gpio.o
                              0x3de56 (size before relaxing)
 .debug_str     0x0005d574        0x0 ./system/src/ADuCM350/gpt.o
                              0x41170 (size before relaxing)
 .debug_str     0x0005d574        0x0 ./system/src/ADuCM350/rng.o
                              0x40cc6 (size before relaxing)
 .debug_str     0x0005d574        0x0 ./system/src/ADuCM350/spi.o
                              0x42419 (size before relaxing)
 .debug_str     0x0005d574        0x0 ./system/src/ADuCM350/uart.o
                              0x41571 (size before relaxing)
 .debug_str     0x0005d574        0x0 ./system/src/ADuCM350/wdt.o
                              0x3dd36 (size before relaxing)
 .debug_str     0x0005d574        0x0 ./system/src/ADuCM350/wut.o
                              0x3dc10 (size before relaxing)
 .debug_str     0x0005d574        0x0 ./src/OpenEIT.o
                              0x4cc07 (size before relaxing)
 .debug_str     0x0005d574        0x0 ./src/PinMux.o
                              0x3d0a6 (size before relaxing)
 .debug_str     0x0005d574        0x0 ./src/test_common.o
                              0x42450 (size before relaxing)
 .debug_str     0x0005d574        0x0 ../lib/libarm_cortexM3l_math.a(arm_q15_to_q31.o)
                                0x22e (size before relaxing)
 .debug_str     0x0005d574        0x0 ../lib/libarm_cortexM3l_math.a(arm_cmplx_mag_q31.o)
                                0x31f (size before relaxing)
 .debug_str     0x0005d574        0x0 ../lib/libarm_cortexM3l_math.a(arm_sqrt_q31.o)